Component: ARM Compiler 5.05 update 2 (build 169) Tool: armlink [4d0f33]

==============================================================================

Section Cross References

    main.o(.text) refers to _printf_percent.o(.ARM.Collect$$_printf_percent$$00000000) for _printf_percent
    main.o(.text) refers to _printf_c.o(.ARM.Collect$$_printf_percent$$00000013) for _printf_c
    main.o(.text) refers to _printf_str.o(.text) for _printf_str
    main.o(.text) refers to figure.o(.text) for Figure_FindSingleCircle
    main.o(.text) refers to lcd.o(.text) for LCD_Set_Window
    main.o(.text) refers to noretval__2printf.o(.text) for __2printf
    main.o(.text) refers to misc.o(.text) for NVIC_PriorityGroupConfig
    main.o(.text) refers to delay.o(.text) for delay_init
    main.o(.text) refers to usart.o(.text) for uart_init
    main.o(.text) refers to led.o(.text) for LED_Init
    main.o(.text) refers to key.o(.text) for KEY_Init
    main.o(.text) refers to timer.o(.text) for TIM3_Int_Init
    main.o(.text) refers to ov7670.o(.text) for OV7670_Init
    main.o(.text) refers to exti.o(.text) for EXTI6_Init
    main.o(.text) refers to main.o(.data) for chuli_flag
    main.o(.text) refers to lcd.o(.bss) for lcddev
    main.o(.text) refers to figure_define.o(.bss) for image
    main.o(.text) refers to pic_process.o(.data) for whiteline
    main.o(.text) refers to lcd.o(.data) for POINT_COLOR
    main.o(.text) refers to exti.o(.data) for ov_sta
    main.o(.text) refers to stm32f4xx_tim.o(.text) for TIM_GetITStatus
    system_stm32f4xx.o(.text) refers to system_stm32f4xx.o(.data) for SystemCoreClock
    led.o(.text) refers to stm32f4xx_rcc.o(.text) for RCC_AHB1PeriphClockCmd
    led.o(.text) refers to stm32f4xx_gpio.o(.text) for GPIO_Init
    lcd.o(.text) refers to _printf_percent.o(.ARM.Collect$$_printf_percent$$00000000) for _printf_percent
    lcd.o(.text) refers to _printf_x.o(.ARM.Collect$$_printf_percent$$0000000C) for _printf_x
    lcd.o(.text) refers to _printf_hex_int.o(.text) for _printf_longlong_hex
    lcd.o(.text) refers to delay.o(.text) for delay_us
    lcd.o(.text) refers to lcd.o(.bss) for lcddev
    lcd.o(.text) refers to lcd.o(.data) for POINT_COLOR
    lcd.o(.text) refers to dflt_clz.o(x$fpl$dfltu) for __aeabi_ui2d
    lcd.o(.text) refers to dmul.o(x$fpl$dmul) for __aeabi_dmul
    lcd.o(.text) refers to dfixu.o(x$fpl$dfixu) for __aeabi_d2uiz
    lcd.o(.text) refers to stm32f4xx_rcc.o(.text) for RCC_AHB1PeriphClockCmd
    lcd.o(.text) refers to stm32f4xx_gpio.o(.text) for GPIO_Init
    lcd.o(.text) refers to stm32f4xx_fsmc.o(.text) for FSMC_NORSRAMInit
    lcd.o(.text) refers to noretval__2printf.o(.text) for __2printf
    lcd.o(.text) refers to lcd.o(.constdata) for asc2_1206
    ov7670.o(.text) refers to stm32f4xx_rcc.o(.text) for RCC_AHB1PeriphClockCmd
    ov7670.o(.text) refers to stm32f4xx_gpio.o(.text) for GPIO_Init
    ov7670.o(.text) refers to sccb.o(.text) for SCCB_Init
    ov7670.o(.text) refers to delay.o(.text) for delay_ms
    ov7670.o(.text) refers to ov7670.o(.constdata) for ov7670_init_reg_tbl
    sccb.o(.text) refers to stm32f4xx_rcc.o(.text) for RCC_AHB1PeriphClockCmd
    sccb.o(.text) refers to stm32f4xx_gpio.o(.text) for GPIO_Init
    sccb.o(.text) refers to delay.o(.text) for delay_us
    key.o(.text) refers to stm32f4xx_rcc.o(.text) for RCC_AHB1PeriphClockCmd
    key.o(.text) refers to stm32f4xx_gpio.o(.text) for GPIO_Init
    key.o(.text) refers to delay.o(.text) for delay_ms
    key.o(.text) refers to key.o(.data) for key_up
    exti.o(.text) refers to stm32f4xx_exti.o(.text) for EXTI_GetITStatus
    exti.o(.text) refers to stm32f4xx_rcc.o(.text) for RCC_APB2PeriphClockCmd
    exti.o(.text) refers to stm32f4xx_syscfg.o(.text) for SYSCFG_EXTILineConfig
    exti.o(.text) refers to misc.o(.text) for NVIC_Init
    exti.o(.text) refers to exti.o(.data) for ov_sta
    oled.o(.text) refers to stm32f4xx_rcc.o(.text) for RCC_AHB1PeriphClockCmd
    oled.o(.text) refers to stm32f4xx_gpio.o(.text) for GPIO_Init
    oled.o(.text) refers to delay.o(.text) for delay_ms
    oled.o(.text) refers to oled.o(.bss) for OLED_GRAM
    oled.o(.text) refers to oled.o(.constdata) for oled_asc2_1206
    timer.o(.text) refers to stm32f4xx_rcc.o(.text) for RCC_APB1PeriphClockCmd
    timer.o(.text) refers to stm32f4xx_tim.o(.text) for TIM_TimeBaseInit
    timer.o(.text) refers to misc.o(.text) for NVIC_Init
    pic_process.o(.text) refers to figure_define.o(.bss) for image
    pic_process.o(.text) refers to pic_process.o(.data) for whiteline
    pic_process.o(.text) refers to pic_process.o(.bss) for blackline
    olsm.o(.text) refers to pic_process.o(.bss) for blackline
    figure.o(.text) refers to figure_math.o(.text) for Figure_Sobel
    figure.o(.text) refers to figure_define.o(.text) for Figure_StructInit_LineType
    figure.o(.text) refers to dflt_clz.o(x$fpl$dflt) for __aeabi_i2d
    figure.o(.text) refers to atan.o(i.__hardfp_atan) for __hardfp_atan
[...]
    $v0                                      0x0800b718   Number         0  dnaninf.o(x$fpl$dnaninf)
    x$fpl$dretinf                            0x0800b7b4   Section       12  dretinf.o(x$fpl$dretinf)
    $v0                                      0x0800b7b4   Number         0  dretinf.o(x$fpl$dretinf)
    x$fpl$drleqf                             0x0800b7c0   Section      108  drleqf.o(x$fpl$drleqf)
    $v0                                      0x0800b7c0   Number         0  drleqf.o(x$fpl$drleqf)
    x$fpl$drsb                               0x0800b82c   Section       22  daddsub_clz.o(x$fpl$drsb)
    $v0                                      0x0800b82c   Number         0  daddsub_clz.o(x$fpl$drsb)
    x$fpl$dsqrt                              0x0800b844   Section      408  dsqrt_umaal.o(x$fpl$dsqrt)
    $v0                                      0x0800b844   Number         0  dsqrt_umaal.o(x$fpl$dsqrt)
    x$fpl$dsub                               0x0800b9dc   Section      468  daddsub_clz.o(x$fpl$dsub)
    $v0                                      0x0800b9dc   Number         0  daddsub_clz.o(x$fpl$dsub)
    _dsub1                                   0x0800b9ed   Thumb Code     0  daddsub_clz.o(x$fpl$dsub)
    x$fpl$f2d                                0x0800bbb0   Section       86  f2d.o(x$fpl$f2d)
    $v0                                      0x0800bbb0   Number         0  f2d.o(x$fpl$f2d)
    x$fpl$fnaninf                            0x0800bc06   Section      140  fnaninf.o(x$fpl$fnaninf)
    $v0                                      0x0800bc06   Number         0  fnaninf.o(x$fpl$fnaninf)
    x$fpl$fpinit                             0x0800bc92   Section       10  fpinit.o(x$fpl$fpinit)
    $v0                                      0x0800bc92   Number         0  fpinit.o(x$fpl$fpinit)
    x$fpl$fretinf                            0x0800bc9c   Section       10  fretinf.o(x$fpl$fretinf)
    $v0                                      0x0800bc9c   Number         0  fretinf.o(x$fpl$fretinf)
    x$fpl$retnan                             0x0800bca6   Section      100  retnan.o(x$fpl$retnan)
    $v0                                      0x0800bca6   Number         0  retnan.o(x$fpl$retnan)
    x$fpl$scalbn                             0x0800bd0a   Section       92  scalbn.o(x$fpl$scalbn)
    $v0                                      0x0800bd0a   Number         0  scalbn.o(x$fpl$scalbn)
    x$fpl$trapveneer                         0x0800bd66   Section       48  trapv.o(x$fpl$trapveneer)
    $v0                                      0x0800bd66   Number         0  trapv.o(x$fpl$trapveneer)
    .constdata                               0x0800bd96   Section     6080  lcd.o(.constdata)
    x$fpl$usenofp                            0x0800bd96   Section        0  usenofp.o(x$fpl$usenofp)
    .constdata                               0x0800d556   Section      336  ov7670.o(.constdata)
    .constdata                               0x0800d6a8   Section       28  stm32f4xx_fsmc.o(.constdata)
    .constdata                               0x0800d6c4   Section       40  _printf_hex_int.o(.constdata)
    uc_hextab                                0x0800d6c4   Data          20  _printf_hex_int.o(.constdata)
    lc_hextab                                0x0800d6d8   Data          20  _printf_hex_int.o(.constdata)
    .constdata                               0x0800d6f0   Section      152  atan.o(.constdata)
    atanhi                                   0x0800d6f0   Data          32  atan.o(.constdata)
    atanlo                                   0x0800d710   Data          32  atan.o(.constdata)
    aTodd                                    0x0800d730   Data          40  atan.o(.constdata)
    aTeven                                   0x0800d758   Data          48  atan.o(.constdata)
    .constdata                               0x0800d788   Section      136  pow.o(.constdata)
    bp                                       0x0800d788   Data          16  pow.o(.constdata)
    dp_h                                     0x0800d798   Data          16  pow.o(.constdata)
    dp_l                                     0x0800d7a8   Data          16  pow.o(.constdata)
    L                                        0x0800d7b8   Data          48  pow.o(.constdata)
    P                                        0x0800d7e8   Data          40  pow.o(.constdata)
    .constdata                               0x0800d810   Section       48  cos_i.o(.constdata)
    C                                        0x0800d810   Data          48  cos_i.o(.constdata)
    .constdata                               0x0800d840   Section        8  qnan.o(.constdata)
    .constdata                               0x0800d848   Section      200  rred.o(.constdata)
    pio2s                                    0x0800d848   Data          48  rred.o(.constdata)
    twooverpi                                0x0800d878   Data         152  rred.o(.constdata)
    .constdata                               0x0800d910   Section       40  sin_i.o(.constdata)
    S                                        0x0800d910   Data          40  sin_i.o(.constdata)
    .data                                    0x20000000   Section        1  main.o(.data)
    .data                                    0x20000004   Section       20  system_stm32f4xx.o(.data)
    .data                                    0x20000018   Section        4  lcd.o(.data)
    .data                                    0x2000001c   Section        1  key.o(.data)
    key_up                                   0x2000001c   Data           1  key.o(.data)
    .data                                    0x2000001d   Section        1  exti.o(.data)
    .data                                    0x2000001e   Section        4  pic_process.o(.data)
    .data                                    0x20000022   Section        4  delay.o(.data)
    fac_us                                   0x20000022   Data           1  delay.o(.data)
    fac_ms                                   0x20000024   Data           2  delay.o(.data)
    .data                                    0x20000028   Section        6  usart.o(.data)
    .data                                    0x2000002e   Section       16  stm32f4xx_rcc.o(.data)
    APBAHBPrescTable                         0x2000002e   Data          16  stm32f4xx_rcc.o(.data)
    .bss                                     0x20000040   Section       14  lcd.o(.bss)
    .bss                                     0x2000004e   Section    57600  figure_define.o(.bss)
    .bss                                     0x2000e14e   Section      200  usart.o(.bss)
    .bss                                     0x2000e218   Section       96  libspace.o(.bss)
    HEAP                                     0x2000e278   Section      512  startup_stm32f40_41xxx.o(HEAP)
    Heap_Mem                                 0x2000e278   Data         512  startup_stm32f40_41xxx.o(HEAP)
    STACK                                    0x2000e478   Section     1024  startup_stm32f40_41xxx.o(STACK)
    Stack_Mem                                0x2000e478   Data        1024  startup_stm32f40_41xxx.o(STACK)
    __initial_sp                             0x2000e878   Data           0  startup_stm32f40_41xxx.o(STACK)

    Global Symbols

    Symbol Name                              Value     Ov Type        Size  Object(Section)

    BuildAttributes$$THM_ISAv4$E$P$D$K$B$S$7EM$VFPi3$EXTD16$VFPS$VFMA$PE$A:L22UL41UL21$X:L11$S22US41US21$IEEE1$IW$USESV6$~STKCKD$USESV7$~SHL$OTIME$ROPI$IEEEX$EBA8$UX$STANDARDLIB$REQ8$PRES8$EABIv2 0x00000000   Number         0  anon$$obj.o ABSOLUTE
    __ARM_use_no_argv                        0x00000000   Number         0  main.o ABSOLUTE
    __ARM_exceptions_init                     - Undefined Weak Reference
    __alloca_initialize                       - Undefined Weak Reference
    __arm_preinit_                            - Undefined Weak Reference
    __cpp_initialize__aeabi_                  - Undefined Weak Reference
    __cxa_finalize                            - Undefined Weak Reference
    __rt_locale                               - Undefined Weak Reference
    __sigvec_lookup                           - Undefined Weak Reference
    _atexit_init                              - Undefined Weak Reference
    _call_atexit_fns                          - Undefined Weak Reference
    _clock_init                               - Undefined Weak Reference
    _fp_trap_init                             - Undefined Weak Reference
    _fp_trap_shutdown                         - Undefined Weak Reference
    _get_lc_collate                           - Undefined Weak Reference
    _get_lc_ctype                             - Undefined Weak Reference
    _get_lc_monetary                          - Undefined Weak Reference
    _get_lc_numeric                           - Undefined Weak Reference
    _get_lc_time                              - Undefined Weak Reference
    _getenv_init                              - Undefined Weak Reference
    _handle_redirection                       - Undefined Weak Reference
    _init_alloc                               - Undefined Weak Reference
    _init_user_alloc                          - Undefined Weak Reference
    _initio                                   - Undefined Weak Reference
    _mutex_acquire                            - Undefined Weak Reference
    _mutex_release                            - Undefined Weak Reference
    _printf_mbtowc                            - Undefined Weak Reference
    _printf_post_padding                      - Undefined Weak Reference
    _printf_pre_padding                       - Undefined Weak Reference
    _printf_truncate_unsigned                 - Undefined Weak Reference
    _rand_init                                - Undefined Weak Reference
    _signal_finish                            - Undefined Weak Reference
    _signal_init                              - Undefined Weak Reference
    _terminate_alloc                          - Undefined Weak Reference
    _terminate_user_alloc                     - Undefined Weak Reference
    _terminateio                              - Undefined Weak Reference
    __Vectors_Size                           0x00000188   Number         0  startup_stm32f40_41xxx.o ABSOLUTE
    __Vectors                                0x08000000   Data           4  startup_stm32f40_41xxx.o(RESET)
    __Vectors_End                            0x08000188   Data           0  startup_stm32f40_41xxx.o(RESET)
    __main                                   0x08000189   Thumb Code     8  __main.o(!!!main)
    __scatterload                            0x08000191   Thumb Code     0  __scatter.o(!!!scatter)
    __scatterload_rt2                        0x08000191   Thumb Code    44  __scatter.o(!!!scatter)
    __scatterload_rt2_thumb_only             0x08000191   Thumb Code     0  __scatter.o(!!!scatter)
    __scatterload_null                       0x0800019f   Thumb Code     0  __scatter.o(!!!scatter)
    __scatterload_copy                       0x080001c5   Thumb Code    26  __scatter_copy.o(!!handler_copy)
    __scatterload_zeroinit                   0x080001e1   Thumb Code    28  __scatter_zi.o(!!handler_zi)
    _printf_percent                          0x080001fd   Thumb Code     0  _printf_percent.o(.ARM.Collect$$_printf_percent$$00000000)
    _printf_x                                0x080001fd   Thumb Code     0  _printf_x.o(.ARM.Collect$$_printf_percent$$0000000C)
    _printf_c                                0x08000203   Thumb Code     0  _printf_c.o(.ARM.Collect$$_printf_percent$$00000013)
    _printf_percent_end                      0x08000209   Thumb Code     0  _printf_percent_end.o(.ARM.Collect$$_printf_percent$$00000017)
    __rt_lib_init                            0x0800020d   Thumb Code     0  libinit.o(.ARM.Collect$$libinit$$00000000)
    __rt_lib_init_fp_1                       0x0800020f   Thumb Code     0  libinit2.o(.ARM.Collect$$libinit$$00000001)
    __rt_lib_init_alloca_1                   0x08000213   Thumb Code     0  libinit2.o(.ARM.Collect$$libinit$$0000002E)
    __rt_lib_init_argv_1                     0x08000213   Thumb Code     0  libinit2.o(.ARM.Collect$$libinit$$0000002C)
    __rt_lib_init_atexit_1                   0x08000213   Thumb Code     0  libinit2.o(.ARM.Collect$$libinit$$0000001B)
    __rt_lib_init_clock_1                    0x08000213   Thumb Code     0  libinit2.o(.ARM.Collect$$libinit$$00000021)
    __rt_lib_init_cpp_1                      0x08000213   Thumb Code     0  libinit2.o(.ARM.Collect$$libinit$$00000032)
    __rt_lib_init_exceptions_1               0x08000213   Thumb Code     0  libinit2.o(.ARM.Collect$$libinit$$00000030)
    __rt_lib_init_fp_trap_1                  0x08000213   Thumb Code     0  libinit2.o(.ARM.Collect$$libinit$$0000001F)
    __rt_lib_init_getenv_1                   0x08000213   Thumb Code     0  libinit2.o(.ARM.Collect$$libinit$$00000023)
    __rt_lib_init_heap_1                     0x08000213   Thumb Code     0  libinit2.o(.ARM.Collect$$libinit$$0000000A)
    __rt_lib_init_lc_collate_1               0x08000213   Thumb Code     0  libinit2.o(.ARM.Collect$$libinit$$00000011)
    __rt_lib_init_lc_ctype_1                 0x08000213   Thumb Code     0  libinit2.o(.ARM.Collect$$libinit$$00000013)
    __rt_lib_init_lc_monetary_1              0x08000213   Thumb Code     0  libinit2.o(.ARM.Collect$$libinit$$00000015)
    __rt_lib_init_lc_numeric_1               0x08000213   Thumb Code     0  libinit2.o(.ARM.Collect$$libinit$$00000017)
    __rt_lib_init_lc_time_1                  0x08000213   Thumb Code     0  libinit2.o(.ARM.Collect$$libinit$$00000019)
    __rt_lib_init_preinit_1                  0x08000213   Thumb Code     0  libinit2.o(.ARM.Collect$$libinit$$00000004)
    __rt_lib_init_rand_1                     0x08000213   Thumb Code     0  libinit2.o(.ARM.Collect$$libinit$$0000000E)
    __rt_lib_init_return                     0x08000213   Thumb Code     0  libinit2.o(.ARM.Collect$$libinit$$00000033)
    __rt_lib_init_signal_1                   0x08000213   Thumb Code     0  libinit2.o(.ARM.Collect$$libinit$$0000001D)
    __rt_lib_init_stdio_1                    0x08000213   Thumb Code     0  libinit2.o(.ARM.Collect$$libinit$$00000025)
    __rt_lib_init_user_alloc_1               0x08000213   Thumb Code     0  libinit2.o(.ARM.Collect$$libinit$$0000000C)
    __rt_lib_shutdown                        0x08000215   Thumb Code     0  libshutdown.o(.ARM.Collect$$libshutdown$$00000000)
    __rt_lib_shutdown_fp_trap_1              0x08000217   Thumb Code     0  libshutdown2.o(.ARM.Collect$$libshutdown$$00000006)
    __rt_lib_shutdown_heap_1                 0x08000217   Thumb Code     0  libshutdown2.o(.ARM.Collect$$libshutdown$$0000000E)
    __rt_lib_shutdown_return                 0x08000217   Thumb Code     0  libshutdown2.o(.ARM.Collect$$libshutdown$$0000000F)
    __rt_lib_shutdown_signal_1               0x08000217   Thumb Code     0  libshutdown2.o(.ARM.Collect$$libshutdown$$00000009)
    __rt_lib_shutdown_stdio_1                0x08000217   Thumb Code     0  libshutdown2.o(.ARM.Collect$$libshutdown$$00000003)
    __rt_lib_shutdown_user_alloc_1           0x08000217   Thumb Code     0  libshutdown2.o(.ARM.Collect$$libshutdown$$0000000B)
    __rt_entry                               0x08000219   Thumb Code     0  __rtentry.o(.ARM.Collect$$rtentry$$00000000)
    __rt_entry_presh_1                       0x08000219   Thumb Code     0  __rtentry2.o(.ARM.Collect$$rtentry$$00000002)
    __rt_entry_sh                            0x08000219   Thumb Code     0  __rtentry4.o(.ARM.Collect$$rtentry$$00000004)
    __rt_entry_li                            0x0800021f   Thumb Code     0  __rtentry2.o(.ARM.Collect$$rtentry$$0000000A)
    __rt_entry_postsh_1                      0x0800021f   Thumb Code     0  __rtentry2.o(.ARM.Collect$$rtentry$$00000009)
    __rt_entry_main                          0x08000223   Thumb Code     0  __rtentry2.o(.ARM.Collect$$rtentry$$0000000D)
    __rt_entry_postli_1                      0x08000223   Thumb Code     0  __rtentry2.o(.ARM.Collect$$rtentry$$0000000C)
    __rt_exit                                0x0800022b   Thumb Code     0  rtexit.o(.ARM.Collect$$rtexit$$00000000)
    __rt_exit_ls                             0x0800022d   Thumb Code     0  rtexit2.o(.ARM.Collect$$rtexit$$00000003)
    __rt_exit_prels_1                        0x0800022d   Thumb Code     0  rtexit2.o(.ARM.Collect$$rtexit$$00000002)
    __rt_exit_exit                           0x08000231   Thumb Code     0  rtexit2.o(.ARM.Collect$$rtexit$$00000004)
    data_calculate                           0x08000239   Thumb Code   424  main.o(.text)
    main                                     0x080003e1   Thumb Code   390  main.o(.text)
    camera_refresh                           0x08000567   Thumb Code   718  main.o(.text)
    TIM3_IRQHandler                          0x08000835   Thumb Code    28  main.o(.text)
    clear                                    0x08000851   Thumb Code    20  main.o(.text)
    NMI_Handler                              0x08000881   Thumb Code     2  stm32f4xx_it.o(.text)
    HardFault_Handler                        0x08000883   Thumb Code     4  stm32f4xx_it.o(.text)
    MemManage_Handler                        0x08000887   Thumb Code     4  stm32f4xx_it.o(.text)
    BusFault_Handler                         0x0800088b   Thumb Code     4  stm32f4xx_it.o(.text)
    UsageFault_Handler                       0x0800088f   Thumb Code     4  stm32f4xx_it.o(.text)
    SVC_Handler                              0x08000893   Thumb Code     2  stm32f4xx_it.o(.text)
    DebugMon_Handler                         0x08000895   Thumb Code     2  stm32f4xx_it.o(.text)
    PendSV_Handler                           0x08000897   Thumb Code     2  stm32f4xx_it.o(.text)
    SysTick_Handler                          0x08000899   Thumb Code     2  stm32f4xx_it.o(.text)
    SystemInit                               0x08000979   Thumb Code    88  system_stm32f4xx.o(.text)
    SystemCoreClockUpdate                    0x080009d1   Thumb Code   174  system_stm32f4xx.o(.text)
    LED_Init                                 0x08000aad   Thumb Code    60  led.o(.text)
    LCD_WR_REG                               0x08000aed   Thumb Code    18  lcd.o(.text)
    LCD_WR_DATA                              0x08000aff   Thumb Code    20  lcd.o(.text)
    LCD_RD_DATA                              0x08000b13   Thumb Code    16  lcd.o(.text)
    LCD_WriteReg                             0x08000b23   Thumb Code    14  lcd.o(.text)
    LCD_ReadReg                              0x08000b31   Thumb Code    22  lcd.o(.text)
    LCD_WriteRAM_Prepare                     0x08000b47   Thumb Code    10  lcd.o(.text)
    LCD_WriteRAM                             0x08000b51   Thumb Code     8  lcd.o(.text)
    LCD_BGR2RGB                              0x08000b59   Thumb Code    26  lcd.o(.text)
    opt_delay                                0x08000b73   Thumb Code    14  lcd.o(.text)
    LCD_SetCursor                            0x08000b81   Thumb Code   418  lcd.o(.text)
    LCD_ReadPoint                            0x08000d23   Thumb Code   360  lcd.o(.text)
    LCD_DisplayOn                            0x08000e8b   Thumb Code   102  lcd.o(.text)
    LCD_DisplayOff                           0x08000ef1   Thumb Code    90  lcd.o(.text)
    LCD_Scan_Dir                             0x08000f4b   Thumb Code   744  lcd.o(.text)
    LCD_DrawPoint                            0x08001233   Thumb Code    28  lcd.o(.text)
    LCD_Fast_DrawPoint                       0x0800124f   Thumb Code   388  lcd.o(.text)
    LCD_SSD_BackLightSet                     0x080013d3   Thumb Code    88  lcd.o(.text)
    LCD_Display_Dir                          0x0800142b   Thumb Code   444  lcd.o(.text)
    LCD_Set_Window                           0x080015e7   Thumb Code   546  lcd.o(.text)
    LCD_Clear                                0x08001809   Thumb Code   100  lcd.o(.text)
    LCD_Init                                 0x0800186d   Thumb Code 14696  lcd.o(.text)
    LCD_Fill                                 0x080051d5   Thumb Code   180  lcd.o(.text)
    LCD_Color_Fill                           0x08005289   Thumb Code   100  lcd.o(.text)
    LCD_DrawLine                             0x080052ed   Thumb Code   176  lcd.o(.text)
    LCD_DrawRectangle                        0x0800539d   Thumb Code    60  lcd.o(.text)
    LCD_Draw_Circle                          0x080053d9   Thumb Code   152  lcd.o(.text)
    LCD_ShowChar                             0x08005471   Thumb Code   272  lcd.o(.text)
    LCD_Pow                                  0x08005581   Thumb Code    22  lcd.o(.text)
    LCD_ShowNum                              0x08005597   Thumb Code   148  lcd.o(.text)
    LCD_ShowxNum                             0x0800562b   Thumb Code   220  lcd.o(.text)
    LCD_ShowString                           0x08005707   Thumb Code   102  lcd.o(.text)
    OV7670_Init                              0x0800576d   Thumb Code   208  ov7670.o(.text)
    OV7670_Light_Mode                        0x0800583d   Thumb Code    92  ov7670.o(.text)
    OV7670_Color_Saturation                  0x08005899   Thumb Code   122  ov7670.o(.text)
    OV7670_Brightness                        0x08005913   Thumb Code    50  ov7670.o(.text)
    OV7670_Contrast                          0x08005945   Thumb Code    50  ov7670.o(.text)
    OV7670_Special_Effects                   0x08005977   Thumb Code   106  ov7670.o(.text)
    OV7670_Window_Set                        0x080059e1   Thumb Code   138  ov7670.o(.text)
    SCCB_Init                                0x08005a79   Thumb Code    56  sccb.o(.text)
    SCCB_Start                               0x08005ab1   Thumb Code    42  sccb.o(.text)
    SCCB_Stop                                0x08005adb   Thumb Code    42  sccb.o(.text)
    SCCB_No_Ack                              0x08005b05   Thumb Code    56  sccb.o(.text)
    SCCB_WR_Byte                             0x08005b3d   Thumb Code   154  sccb.o(.text)
    SCCB_RD_Byte                             0x08005bd7   Thumb Code   104  sccb.o(.text)
    SCCB_WR_Reg                              0x08005c3f   Thumb Code    62  sccb.o(.text)
    SCCB_RD_Reg                              0x08005c7d   Thumb Code    78  sccb.o(.text)
    KEY_Init                                 0x08005cd9   Thumb Code    60  key.o(.text)
    KEY_Scan                                 0x08005d15   Thumb Code   188  key.o(.text)
    EXTI9_5_IRQHandler                       0x08005ddd   Thumb Code    86  exti.o(.text)
    EXTI6_Init                               0x08005e33   Thumb Code    76  exti.o(.text)
    TIM3_Int_Init                            0x08005e8d   Thumb Code    88  timer.o(.text)
    Figure_Clean                             0x08005ee9   Thumb Code    42  figure.o(.text)
    Figure_edge                              0x08005f13   Thumb Code   124  figure.o(.text)
    Figure_RectangularToDescartes            0x08005f8f   Thumb Code   144  figure.o(.text)
    Figure_DescartesToRectangular            0x0800601f   Thumb Code   146  figure.o(.text)
    Figure_FindCircles                       0x080060b1   Thumb Code   748  figure.o(.text)
    Figure_FindSingleCircle                  0x0800639d   Thumb Code   254  figure.o(.text)
    Figure_TowPoint                          0x0800649b   Thumb Code   374  figure.o(.text)
    Figure_LeastSquares                      0x08006611   Thumb Code   228  figure.o(.text)
    Figure_Corrosion                         0x080066f5   Thumb Code   544  figure.o(.text)
    Figure_StuctInit_PictreType              0x08006919   Thumb Code     8  figure_define.o(.text)
    Figure_StructInit_PointListType          0x08006921   Thumb Code     6  figure_define.o(.text)
    Figure_StructInit_LineListType           0x08006927   Thumb Code     8  figure_define.o(.text)
    Figure_StructInit_LineType               0x0800692f   Thumb Code    20  figure_define.o(.text)
    Figure_Leng                              0x08006945   Thumb Code   138  figure_math.o(.text)
    Figure_XLeng                             0x080069cf   Thumb Code    60  figure_math.o(.text)
    Figure_YLeng                             0x08006a0b   Thumb Code    60  figure_math.o(.text)
    Figure_Middle                            0x08006a47   Thumb Code    34  figure_math.o(.text)
    Figure_VanishingPoint                    0x08006a69   Thumb Code   188  figure_math.o(.text)
    Figure_Roundf                            0x08006b25   Thumb Code    46  figure_math.o(.text)
    Figure_Sobel                             0x08006b53   Thumb Code   310  figure_math.o(.text)
    Figure_Convolution                       0x08006c89   Thumb Code   226  figure_math.o(.text)
    delay_init                               0x08006d6d   Thumb Code    52  delay.o(.text)
    delay_us                                 0x08006da1   Thumb Code    72  delay.o(.text)
    delay_xms                                0x08006de9   Thumb Code    72  delay.o(.text)
    delay_ms                                 0x08006e31   Thumb Code    56  delay.o(.text)
    _sys_exit                                0x08006e71   Thumb Code     6  usart.o(.text)
    fputc                                    0x08006e77   Thumb Code    24  usart.o(.text)
    uart_init                                0x08006e8f   Thumb Code   162  usart.o(.text)
    USART2_IRQHandler                        0x08006f31   Thumb Code   122  usart.o(.text)
    Reset_Handler                            0x08006fbd   Thumb Code     8  startup_stm32f40_41xxx.o(.text)
    ADC_IRQHandler                           0x08006fd7   Thumb Code     0  startup_stm32f40_41xxx.o(.text)
    CAN1_RX0_IRQHandler                      0x08006fd7   Thumb Code     0  startup_stm32f40_41xxx.o(.text)
    CAN1_RX1_IRQHandler                      0x08006fd7   Thumb Code     0  startup_stm32f40_41xxx.o(.text)
    CAN1_SCE_IRQHandler                      0x08006fd7   Thumb Code     0  startup_stm32f40_41xxx.o(.text)
    CAN1_TX_IRQHandler                       0x08006fd7   Thumb Code     0  startup_stm32f40_41xxx.o(.text)
    CAN2_RX0_IRQHandler                      0x08006fd7   Thumb Code     0  startup_stm32f40_41xxx.o(.text)
    CAN2_RX1_IRQHandler                      0x08006fd7   Thumb Code     0  startup_stm32f40_41xxx.o(.text)
    CAN2_SCE_IRQHandler                      0x08006fd7   Thumb Code     0  startup_stm32f40_41xxx.o(.text)
    CAN2_TX_IRQHandler                       0x08006fd7   Thumb Code     0  startup_stm32f40_41xxx.o(.text)
    CRYP_IRQHandler                          0x08006fd7   Thumb Code     0  startup_stm32f40_41xxx.o(.text)
    DCMI_IRQHandler                          0x08006fd7   Thumb Code     0  startup_stm32f40_41xxx.o(.text)
    DMA1_Stream0_IRQHandler                  0x08006fd7   Thumb Code     0  startup_stm32f40_41xxx.o(.text)
    DMA1_Stream1_IRQHandler                  0x08006fd7   Thumb Code     0  startup_stm32f40_41xxx.o(.text)
    DMA1_Stream2_IRQHandler                  0x08006fd7   Thumb Code     0  startup_stm32f40_41xxx.o(.text)
    DMA1_Stream3_IRQHandler                  0x08006fd7   Thumb Code     0  startup_stm32f40_41xxx.o(.text)
    DMA1_Stream4_IRQHandler                  0x08006fd7   Thumb Code     0  startup_stm32f40_41xxx.o(.text)
    DMA1_Stream5_IRQHandler                  0x08006fd7   Thumb Code     0  startup_stm32f40_41xxx.o(.text)
    DMA1_Stream6_IRQHandler                  0x08006fd7   Thumb Code     0  startup_stm32f40_41xxx.o(.text)
    DMA1_Stream7_IRQHandler                  0x08006fd7   Thumb Code     0  startup_stm32f40_41xxx.o(.text)
    DMA2_Stream0_IRQHandler                  0x08006fd7   Thumb Code     0  startup_stm32f40_41xxx.o(.text)
    DMA2_Stream1_IRQHandler                  0x08006fd7   Thumb Code     0  startup_stm32f40_41xxx.o(.text)
    DMA2_Stream2_IRQHandler                  0x08006fd7   Thumb Code     0  startup_stm32f40_41xxx.o(.text)
    DMA2_Stream3_IRQHandler                  0x08006fd7   Thumb Code     0  startup_stm32f40_41xxx.o(.text)
    DMA2_Stream4_IRQHandler                  0x08006fd7   Thumb Code     0  startup_stm32f40_41xxx.o(.text)
    DMA2_Stream5_IRQHandler                  0x08006fd7   Thumb Code     0  startup_stm32f40_41xxx.o(.text)
    DMA2_Stream6_IRQHandler                  0x08006fd7   Thumb Code     0  startup_stm32f40_41xxx.o(.text)
    DMA2_Stream7_IRQHandler                  0x08006fd7   Thumb Code     0  startup_stm32f40_41xxx.o(.text)
    ETH_IRQHandler                           0x08006fd7   Thumb Code     0  startup_stm32f40_41xxx.o(.text)
    ETH_WKUP_IRQHandler                      0x08006fd7   Thumb Code     0  startup_stm32f40_41xxx.o(.text)
    EXTI0_IRQHandler                         0x08006fd7   Thumb Code     0  startup_stm32f40_41xxx.o(.text)
    EXTI15_10_IRQHandler                     0x08006fd7   Thumb Code     0  startup_stm32f40_41xxx.o(.text)
    EXTI1_IRQHandler                         0x08006fd7   Thumb Code     0  startup_stm32f40_41xxx.o(.text)
    EXTI2_IRQHandler                         0x08006fd7   Thumb Code     0  startup_stm32f40_41xxx.o(.text)
    EXTI3_IRQHandler                         0x08006fd7   Thumb Code     0  startup_stm32f40_41xxx.o(.text)
    EXTI4_IRQHandler                         0x08006fd7   Thumb Code     0  startup_stm32f40_41xxx.o(.text)
    FLASH_IRQHandler                         0x08006fd7   Thumb Code     0  startup_stm32f40_41xxx.o(.text)
    FPU_IRQHandler                           0x08006fd7   Thumb Code     0  startup_stm32f40_41xxx.o(.text)
    FSMC_IRQHandler                          0x08006fd7   Thumb Code     0  startup_stm32f40_41xxx.o(.text)
    HASH_RNG_IRQHandler                      0x08006fd7   Thumb Code     0  startup_stm32f40_41xxx.o(.text)
    I2C1_ER_IRQHandler                       0x08006fd7   Thumb Code     0  startup_stm32f40_41xxx.o(.text)
    I2C1_EV_IRQHandler                       0x08006fd7   Thumb Code     0  startup_stm32f40_41xxx.o(.text)
    I2C2_ER_IRQHandler                       0x08006fd7   Thumb Code     0  startup_stm32f40_41xxx.o(.text)
    I2C2_EV_IRQHandler                       0x08006fd7   Thumb Code     0  startup_stm32f40_41xxx.o(.text)
    I2C3_ER_IRQHandler                       0x08006fd7   Thumb Code     0  startup_stm32f40_41xxx.o(.text)
    I2C3_EV_IRQHandler                       0x08006fd7   Thumb Code     0  startup_stm32f40_41xxx.o(.text)
    OTG_FS_IRQHandler                        0x08006fd7   Thumb Code     0  startup_stm32f40_41xxx.o(.text)
    OTG_FS_WKUP_IRQHandler                   0x08006fd7   Thumb Code     0  startup_stm32f40_41xxx.o(.text)
    OTG_HS_EP1_IN_IRQHandler                 0x08006fd7   Thumb Code     0  startup_stm32f40_41xxx.o(.text)
    OTG_HS_EP1_OUT_IRQHandler                0x08006fd7   Thumb Code     0  startup_stm32f40_41xxx.o(.text)
    OTG_HS_IRQHandler                        0x08006fd7   Thumb Code     0  startup_stm32f40_41xxx.o(.text)
    OTG_HS_WKUP_IRQHandler                   0x08006fd7   Thumb Code     0  startup_stm32f40_41xxx.o(.text)
    PVD_IRQHandler                           0x08006fd7   Thumb Code     0  startup_stm32f40_41xxx.o(.text)
    RCC_IRQHandler                           0x08006fd7   Thumb Code     0  startup_stm32f40_41xxx.o(.text)
    RTC_Alarm_IRQHandler                     0x08006fd7   Thumb Code     0  startup_stm32f40_41xxx.o(.text)
    RTC_WKUP_IRQHandler                      0x08006fd7   Thumb Code     0  startup_stm32f40_41xxx.o(.text)
    SDIO_IRQHandler                          0x08006fd7   Thumb Code     0  startup_stm32f40_41xxx.o(.text)
    SPI1_IRQHandler                          0x08006fd7   Thumb Code     0  startup_stm32f40_41xxx.o(.text)
    SPI2_IRQHandler                          0x08006fd7   Thumb Code     0  startup_stm32f40_41xxx.o(.text)
    SPI3_IRQHandler                          0x08006fd7   Thumb Code     0  startup_stm32f40_41xxx.o(.text)
    TAMP_STAMP_IRQHandler                    0x08006fd7   Thumb Code     0  startup_stm32f40_41xxx.o(.text)
    TIM1_BRK_TIM9_IRQHandler                 0x08006fd7   Thumb Code     0  startup_stm32f40_41xxx.o(.text)
    TIM1_CC_IRQHandler                       0x08006fd7   Thumb Code     0  startup_stm32f40_41xxx.o(.text)
    TIM1_TRG_COM_TIM11_IRQHandler            0x08006fd7   Thumb Code     0  startup_stm32f40_41xxx.o(.text)
    TIM1_UP_TIM10_IRQHandler                 0x08006fd7   Thumb Code     0  startup_stm32f40_41xxx.o(.text)
    TIM2_IRQHandler                          0x08006fd7   Thumb Code     0  startup_stm32f40_41xxx.o(.text)
    TIM4_IRQHandler                          0x08006fd7   Thumb Code     0  startup_stm32f40_41xxx.o(.text)
    TIM5_IRQHandler                          0x08006fd7   Thumb Code     0  startup_stm32f40_41xxx.o(.text)
    TIM6_DAC_IRQHandler                      0x08006fd7   Thumb Code     0  startup_stm32f40_41xxx.o(.text)
    TIM7_IRQHandler                          0x08006fd7   Thumb Code     0  startup_stm32f40_41xxx.o(.text)
    TIM8_BRK_TIM12_IRQHandler                0x08006fd7   Thumb Code     0  startup_stm32f40_41xxx.o(.text)
    TIM8_CC_IRQHandler                       0x08006fd7   Thumb Code     0  startup_stm32f40_41xxx.o(.text)
    TIM8_TRG_COM_TIM14_IRQHandler            0x08006fd7   Thumb Code     0  startup_stm32f40_41xxx.o(.text)
    TIM8_UP_TIM13_IRQHandler                 0x08006fd7   Thumb Code     0  startup_stm32f40_41xxx.o(.text)
    UART4_IRQHandler                         0x08006fd7   Thumb Code     0  startup_stm32f40_41xxx.o(.text)
    UART5_IRQHandler                         0x08006fd7   Thumb Code     0  startup_stm32f40_41xxx.o(.text)
    USART1_IRQHandler                        0x08006fd7   Thumb Code     0  startup_stm32f40_41xxx.o(.text)
    USART3_IRQHandler                        0x08006fd7   Thumb Code     0  startup_stm32f40_41xxx.o(.text)
    USART6_IRQHandler                        0x08006fd7   Thumb Code     0  startup_stm32f40_41xxx.o(.text)
    WWDG_IRQHandler                          0x08006fd7   Thumb Code     0  startup_stm32f40_41xxx.o(.text)
    __user_initial_stackheap                 0x08006fd9   Thumb Code     0  startup_stm32f40_41xxx.o(.text)
    NVIC_PriorityGroupConfig                 0x08006ffd   Thumb Code    10  misc.o(.text)
    NVIC_Init                                0x08007007   Thumb Code   106  misc.o(.text)
    NVIC_SetVectorTable                      0x08007071   Thumb Code    14  misc.o(.text)
    NVIC_SystemLPConfig                      0x0800707f   Thumb Code    34  misc.o(.text)
    SysTick_CLKSourceConfig                  0x080070a1   Thumb Code    40  misc.o(.text)
    GPIO_DeInit                              0x080070dd   Thumb Code   268  stm32f4xx_gpio.o(.text)
    GPIO_Init                                0x080071e9   Thumb Code   144  stm32f4xx_gpio.o(.text)
    GPIO_StructInit                          0x08007279   Thumb Code    18  stm32f4xx_gpio.o(.text)
    GPIO_PinLockConfig                       0x0800728b   Thumb Code    34  stm32f4xx_gpio.o(.text)
    GPIO_ReadInputDataBit                    0x080072ad   Thumb Code    18  stm32f4xx_gpio.o(.text)
    GPIO_ReadInputData                       0x080072bf   Thumb Code     8  stm32f4xx_gpio.o(.text)
    GPIO_ReadOutputDataBit                   0x080072c7   Thumb Code    18  stm32f4xx_gpio.o(.text)
    GPIO_ReadOutputData                      0x080072d9   Thumb Code     8  stm32f4xx_gpio.o(.text)
    GPIO_SetBits                             0x080072e1   Thumb Code     4  stm32f4xx_gpio.o(.text)
    GPIO_ResetBits                           0x080072e5   Thumb Code     4  stm32f4xx_gpio.o(.text)
    GPIO_WriteBit                            0x080072e9   Thumb Code    10  stm32f4xx_gpio.o(.text)
    GPIO_Write                               0x080072f3   Thumb Code     4  stm32f4xx_gpio.o(.text)
    GPIO_ToggleBits                          0x080072f7   Thumb Code     8  stm32f4xx_gpio.o(.text)
    GPIO_PinAFConfig                         0x080072ff   Thumb Code    70  stm32f4xx_gpio.o(.text)
    FSMC_NORSRAMDeInit                       0x08007371   Thumb Code    54  stm32f4xx_fsmc.o(.text)
    FSMC_NORSRAMInit                         0x080073a7   Thumb Code   230  stm32f4xx_fsmc.o(.text)
    FSMC_NORSRAMStructInit                   0x0800748d   Thumb Code    48  stm32f4xx_fsmc.o(.text)
    FSMC_NORSRAMCmd                          0x080074bd   Thumb Code    46  stm32f4xx_fsmc.o(.text)
    FSMC_NANDDeInit                          0x080074eb   Thumb Code    62  stm32f4xx_fsmc.o(.text)
    FSMC_NANDInit                            0x08007529   Thumb Code   132  stm32f4xx_fsmc.o(.text)
    FSMC_NANDStructInit                      0x080075ad   Thumb Code    54  stm32f4xx_fsmc.o(.text)
    FSMC_NANDCmd                             0x080075e3   Thumb Code    86  stm32f4xx_fsmc.o(.text)
    FSMC_NANDECCCmd                          0x08007639   Thumb Code    86  stm32f4xx_fsmc.o(.text)
    FSMC_GetECC                              0x0800768f   Thumb Code    24  stm32f4xx_fsmc.o(.text)
    FSMC_PCCARDDeInit                        0x080076a7   Thumb Code    36  stm32f4xx_fsmc.o(.text)
    FSMC_PCCARDInit                          0x080076cb   Thumb Code   130  stm32f4xx_fsmc.o(.text)
    FSMC_PCCARDStructInit                    0x0800774d   Thumb Code    60  stm32f4xx_fsmc.o(.text)
    FSMC_PCCARDCmd                           0x08007789   Thumb Code    44  stm32f4xx_fsmc.o(.text)
    FSMC_ITConfig                            0x080077b5   Thumb Code   128  stm32f4xx_fsmc.o(.text)
    FSMC_GetFlagStatus                       0x08007835   Thumb Code    54  stm32f4xx_fsmc.o(.text)
    FSMC_ClearFlag                           0x0800786b   Thumb Code    74  stm32f4xx_fsmc.o(.text)
    FSMC_GetITStatus                         0x080078b5   Thumb Code    62  stm32f4xx_fsmc.o(.text)
    FSMC_ClearITPendingBit                   0x080078f3   Thumb Code    66  stm32f4xx_fsmc.o(.text)
    RCC_DeInit                               0x08007939   Thumb Code    82  stm32f4xx_rcc.o(.text)
    RCC_HSEConfig                            0x0800798b   Thumb Code    14  stm32f4xx_rcc.o(.text)
    RCC_GetFlagStatus                        0x08007999   Thumb Code    60  stm32f4xx_rcc.o(.text)
    RCC_WaitForHSEStartUp                    0x080079d5   Thumb Code    56  stm32f4xx_rcc.o(.text)
    RCC_AdjustHSICalibrationValue            0x08007a0d   Thumb Code    20  stm32f4xx_rcc.o(.text)
    RCC_HSICmd                               0x08007a21   Thumb Code     6  stm32f4xx_rcc.o(.text)
    RCC_LSEConfig                            0x08007a27   Thumb Code    46  stm32f4xx_rcc.o(.text)
    RCC_LSICmd                               0x08007a55   Thumb Code     6  stm32f4xx_rcc.o(.text)
    RCC_PLLConfig                            0x08007a5b   Thumb Code    32  stm32f4xx_rcc.o(.text)
    RCC_PLLCmd                               0x08007a7b   Thumb Code     6  stm32f4xx_rcc.o(.text)
    RCC_PLLI2SConfig                         0x08007a81   Thumb Code    14  stm32f4xx_rcc.o(.text)
    RCC_PLLI2SCmd                            0x08007a8f   Thumb Code     6  stm32f4xx_rcc.o(.text)
    RCC_PLLSAIConfig                         0x08007a95   Thumb Code    20  stm32f4xx_rcc.o(.text)
    RCC_PLLSAICmd                            0x08007aa9   Thumb Code     6  stm32f4xx_rcc.o(.text)
    RCC_ClockSecuritySystemCmd               0x08007aaf   Thumb Code     6  stm32f4xx_rcc.o(.text)
    RCC_MCO1Config                           0x08007ab5   Thumb Code    28  stm32f4xx_rcc.o(.text)
    RCC_MCO2Config                           0x08007ad1   Thumb Code    28  stm32f4xx_rcc.o(.text)
    RCC_SYSCLKConfig                         0x08007aed   Thumb Code    20  stm32f4xx_rcc.o(.text)
    RCC_GetSYSCLKSource                      0x08007b01   Thumb Code    12  stm32f4xx_rcc.o(.text)
    RCC_HCLKConfig                           0x08007b0d   Thumb Code    20  stm32f4xx_rcc.o(.text)
    RCC_PCLK1Config                          0x08007b21   Thumb Code    20  stm32f4xx_rcc.o(.text)
    RCC_PCLK2Config                          0x08007b35   Thumb Code    22  stm32f4xx_rcc.o(.text)
    RCC_GetClocksFreq                        0x08007b4b   Thumb Code   222  stm32f4xx_rcc.o(.text)
    RCC_RTCCLKConfig                         0x08007c29   Thumb Code    54  stm32f4xx_rcc.o(.text)
    RCC_RTCCLKCmd                            0x08007c5f   Thumb Code     8  stm32f4xx_rcc.o(.text)
    RCC_BackupResetCmd                       0x08007c67   Thumb Code     8  stm32f4xx_rcc.o(.text)
    RCC_I2SCLKConfig                         0x08007c6f   Thumb Code     6  stm32f4xx_rcc.o(.text)
    RCC_SAIPLLI2SClkDivConfig                0x08007c75   Thumb Code    26  stm32f4xx_rcc.o(.text)
    RCC_SAIPLLSAIClkDivConfig                0x08007c8f   Thumb Code    28  stm32f4xx_rcc.o(.text)
    RCC_SAIBlockACLKConfig                   0x08007cab   Thumb Code    20  stm32f4xx_rcc.o(.text)
    RCC_SAIBlockBCLKConfig                   0x08007cbf   Thumb Code    20  stm32f4xx_rcc.o(.text)
    RCC_LTDCCLKDivConfig                     0x08007cd3   Thumb Code    20  stm32f4xx_rcc.o(.text)
    RCC_TIMCLKPresConfig                     0x08007ce7   Thumb Code     6  stm32f4xx_rcc.o(.text)
    RCC_AHB1PeriphClockCmd                   0x08007ced   Thumb Code    34  stm32f4xx_rcc.o(.text)
    RCC_AHB2PeriphClockCmd                   0x08007d0f   Thumb Code    78  stm32f4xx_rcc.o(.text)
    RCC_AHB3PeriphClockCmd                   0x08007d5d   Thumb Code    34  stm32f4xx_rcc.o(.text)
    RCC_APB1PeriphClockCmd                   0x08007d7f   Thumb Code    34  stm32f4xx_rcc.o(.text)
    RCC_APB2PeriphClockCmd                   0x08007da1   Thumb Code    34  stm32f4xx_rcc.o(.text)
    RCC_AHB1PeriphResetCmd                   0x08007dc3   Thumb Code    34  stm32f4xx_rcc.o(.text)
    RCC_AHB2PeriphResetCmd                   0x08007de5   Thumb Code    34  stm32f4xx_rcc.o(.text)
    RCC_AHB3PeriphResetCmd                   0x08007e07   Thumb Code    34  stm32f4xx_rcc.o(.text)
    RCC_APB1PeriphResetCmd                   0x08007e29   Thumb Code    34  stm32f4xx_rcc.o(.text)
    RCC_APB2PeriphResetCmd                   0x08007e4b   Thumb Code    34  stm32f4xx_rcc.o(.text)
    RCC_AHB1PeriphClockLPModeCmd             0x08007e6d   Thumb Code    34  stm32f4xx_rcc.o(.text)
    RCC_AHB2PeriphClockLPModeCmd             0x08007e8f   Thumb Code    34  stm32f4xx_rcc.o(.text)
    RCC_AHB3PeriphClockLPModeCmd             0x08007eb1   Thumb Code    34  stm32f4xx_rcc.o(.text)
    RCC_APB1PeriphClockLPModeCmd             0x08007ed3   Thumb Code    34  stm32f4xx_rcc.o(.text)
    RCC_APB2PeriphClockLPModeCmd             0x08007ef5   Thumb Code    34  stm32f4xx_rcc.o(.text)
    RCC_LSEModeConfig                        0x08007f17   Thumb Code    40  stm32f4xx_rcc.o(.text)
    RCC_ITConfig                             0x08007f3f   Thumb Code    34  stm32f4xx_rcc.o(.text)
    RCC_ClearFlag                            0x08007f61   Thumb Code    18  stm32f4xx_rcc.o(.text)
    RCC_GetITStatus                          0x08007f73   Thumb Code    22  stm32f4xx_rcc.o(.text)
    RCC_ClearITPendingBit                    0x08007f89   Thumb Code     8  stm32f4xx_rcc.o(.text)
    SYSCFG_DeInit                            0x08007f95   Thumb Code    22  stm32f4xx_syscfg.o(.text)
    SYSCFG_MemoryRemapConfig                 0x08007fab   Thumb Code     6  stm32f4xx_syscfg.o(.text)
    SYSCFG_MemorySwappingBank                0x08007fb1   Thumb Code     6  stm32f4xx_syscfg.o(.text)
    SYSCFG_EXTILineConfig                    0x08007fb7   Thumb Code    66  stm32f4xx_syscfg.o(.text)
    SYSCFG_ETH_MediaInterfaceConfig          0x08007ff9   Thumb Code     8  stm32f4xx_syscfg.o(.text)
    SYSCFG_CompensationCellCmd               0x08008001   Thumb Code     6  stm32f4xx_syscfg.o(.text)
    SYSCFG_GetCompensationCellStatus         0x08008007   Thumb Code    22  stm32f4xx_syscfg.o(.text)
    USART_DeInit                             0x08008029   Thumb Code   206  stm32f4xx_usart.o(.text)
    USART_Init                               0x080080f7   Thumb Code   204  stm32f4xx_usart.o(.text)
    USART_StructInit                         0x080081c3   Thumb Code    24  stm32f4xx_usart.o(.text)
    USART_ClockInit                          0x080081db   Thumb Code    32  stm32f4xx_usart.o(.text)
    USART_ClockStructInit                    0x080081fb   Thumb Code    12  stm32f4xx_usart.o(.text)
    USART_Cmd                                0x08008207   Thumb Code    24  stm32f4xx_usart.o(.text)
    USART_SetPrescaler                       0x0800821f   Thumb Code    16  stm32f4xx_usart.o(.text)
    USART_OverSampling8Cmd                   0x0800822f   Thumb Code    22  stm32f4xx_usart.o(.text)
    USART_OneBitMethodCmd                    0x08008245   Thumb Code    24  stm32f4xx_usart.o(.text)
    USART_SendData                           0x0800825d   Thumb Code     8  stm32f4xx_usart.o(.text)
    USART_ReceiveData                        0x08008265   Thumb Code    10  stm32f4xx_usart.o(.text)
    USART_SetAddress                         0x0800826f   Thumb Code    18  stm32f4xx_usart.o(.text)
    USART_ReceiverWakeUpCmd                  0x08008281   Thumb Code    24  stm32f4xx_usart.o(.text)
    USART_WakeUpConfig                       0x08008299   Thumb Code    18  stm32f4xx_usart.o(.text)
    USART_LINBreakDetectLengthConfig         0x080082ab   Thumb Code    18  stm32f4xx_usart.o(.text)
    USART_LINCmd                             0x080082bd   Thumb Code    24  stm32f4xx_usart.o(.text)
    USART_SendBreak                          0x080082d5   Thumb Code    10  stm32f4xx_usart.o(.text)
    USART_HalfDuplexCmd                      0x080082df   Thumb Code    24  stm32f4xx_usart.o(.text)
    USART_SetGuardTime                       0x080082f7   Thumb Code    16  stm32f4xx_usart.o(.text)
    USART_SmartCardCmd                       0x08008307   Thumb Code    24  stm32f4xx_usart.o(.text)
    USART_SmartCardNACKCmd                   0x0800831f   Thumb Code    24  stm32f4xx_usart.o(.text)
    USART_IrDAConfig                         0x08008337   Thumb Code    18  stm32f4xx_usart.o(.text)
    USART_IrDACmd                            0x08008349   Thumb Code    24  stm32f4xx_usart.o(.text)
    USART_DMACmd                             0x08008361   Thumb Code    18  stm32f4xx_usart.o(.text)
    USART_ITConfig                           0x08008373   Thumb Code    74  stm32f4xx_usart.o(.text)
    USART_GetFlagStatus                      0x080083bd   Thumb Code    26  stm32f4xx_usart.o(.text)
    USART_ClearFlag                          0x080083d7   Thumb Code    18  stm32f4xx_usart.o(.text)
    USART_GetITStatus                        0x080083e9   Thumb Code   118  stm32f4xx_usart.o(.text)
    USART_ClearITPendingBit                  0x0800845f   Thumb Code    30  stm32f4xx_usart.o(.text)
    EXTI_DeInit                              0x0800847d   Thumb Code    28  stm32f4xx_exti.o(.text)
    EXTI_Init                                0x08008499   Thumb Code   142  stm32f4xx_exti.o(.text)
    EXTI_StructInit                          0x08008527   Thumb Code    16  stm32f4xx_exti.o(.text)
    EXTI_GenerateSWInterrupt                 0x08008537   Thumb Code    16  stm32f4xx_exti.o(.text)
    EXTI_GetFlagStatus                       0x08008547   Thumb Code    22  stm32f4xx_exti.o(.text)
    EXTI_ClearFlag                           0x0800855d   Thumb Code     8  stm32f4xx_exti.o(.text)
    EXTI_GetITStatus                         0x08008565   Thumb Code    22  stm32f4xx_exti.o(.text)
    EXTI_ClearITPendingBit                   0x0800857b   Thumb Code     8  stm32f4xx_exti.o(.text)
    TIM_DeInit                               0x0800858d   Thumb Code   346  stm32f4xx_tim.o(.text)
    TIM_TimeBaseInit                         0x080086e7   Thumb Code   104  stm32f4xx_tim.o(.text)
    TIM_TimeBaseStructInit                   0x0800874f   Thumb Code    18  stm32f4xx_tim.o(.text)
    TIM_PrescalerConfig                      0x08008761   Thumb Code     6  stm32f4xx_tim.o(.text)
    TIM_CounterModeConfig                    0x08008767   Thumb Code    18  stm32f4xx_tim.o(.text)
    TIM_SetCounter                           0x08008779   Thumb Code     4  stm32f4xx_tim.o(.text)
    TIM_SetAutoreload                        0x0800877d   Thumb Code     4  stm32f4xx_tim.o(.text)
    TIM_GetCounter                           0x08008781   Thumb Code     6  stm32f4xx_tim.o(.text)
    TIM_GetPrescaler                         0x08008787   Thumb Code     6  stm32f4xx_tim.o(.text)
    TIM_UpdateDisableConfig                  0x0800878d   Thumb Code    24  stm32f4xx_tim.o(.text)
    TIM_UpdateRequestConfig                  0x080087a5   Thumb Code    24  stm32f4xx_tim.o(.text)
    TIM_ARRPreloadConfig                     0x080087bd   Thumb Code    24  stm32f4xx_tim.o(.text)
    TIM_SelectOnePulseMode                   0x080087d5   Thumb Code    18  stm32f4xx_tim.o(.text)
    TIM_SetClockDivision                     0x080087e7   Thumb Code    18  stm32f4xx_tim.o(.text)
    TIM_Cmd                                  0x080087f9   Thumb Code    24  stm32f4xx_tim.o(.text)
    TIM_OC1Init                              0x08008811   Thumb Code   114  stm32f4xx_tim.o(.text)
    TIM_OC2Init                              0x08008883   Thumb Code   154  stm32f4xx_tim.o(.text)
    TIM_OC3Init                              0x0800891d   Thumb Code   204  stm32f4xx_tim.o(.text)
    TIM_OC4Init                              0x080089e9   Thumb Code   112  stm32f4xx_tim.o(.text)
    TIM_OCStructInit                         0x08008a59   Thumb Code    20  stm32f4xx_tim.o(.text)
    TIM_SelectOCxM                           0x08008a6d   Thumb Code    86  stm32f4xx_tim.o(.text)
    TIM_SetCompare1                          0x08008ac3   Thumb Code     4  stm32f4xx_tim.o(.text)
    TIM_SetCompare2                          0x08008ac7   Thumb Code     4  stm32f4xx_tim.o(.text)
    TIM_SetCompare3                          0x08008acb   Thumb Code     4  stm32f4xx_tim.o(.text)
    TIM_SetCompare4                          0x08008acf   Thumb Code     4  stm32f4xx_tim.o(.text)
    TIM_ForcedOC1Config                      0x08008ad3   Thumb Code    18  stm32f4xx_tim.o(.text)
    TIM_ForcedOC2Config                      0x08008ae5   Thumb Code    26  stm32f4xx_tim.o(.text)
    TIM_ForcedOC3Config                      0x08008aff   Thumb Code    18  stm32f4xx_tim.o(.text)
    TIM_ForcedOC4Config                      0x08008b11   Thumb Code    26  stm32f4xx_tim.o(.text)
    TIM_OC1PreloadConfig                     0x08008b2b   Thumb Code    18  stm32f4xx_tim.o(.text)
    TIM_OC2PreloadConfig                     0x08008b3d   Thumb Code    26  stm32f4xx_tim.o(.text)
    TIM_OC3PreloadConfig                     0x08008b57   Thumb Code    18  stm32f4xx_tim.o(.text)
    TIM_OC4PreloadConfig                     0x08008b69   Thumb Code    26  stm32f4xx_tim.o(.text)
    TIM_OC1FastConfig                        0x08008b83   Thumb Code    18  stm32f4xx_tim.o(.text)
    TIM_OC2FastConfig                        0x08008b95   Thumb Code    26  stm32f4xx_tim.o(.text)
    TIM_OC3FastConfig                        0x08008baf   Thumb Code    18  stm32f4xx_tim.o(.text)
    TIM_OC4FastConfig                        0x08008bc1   Thumb Code    26  stm32f4xx_tim.o(.text)
    TIM_ClearOC1Ref                          0x08008bdb   Thumb Code    18  stm32f4xx_tim.o(.text)
    TIM_ClearOC2Ref                          0x08008bed   Thumb Code    24  stm32f4xx_tim.o(.text)
    TIM_ClearOC3Ref                          0x08008c05   Thumb Code    18  stm32f4xx_tim.o(.text)
    TIM_ClearOC4Ref                          0x08008c17   Thumb Code    24  stm32f4xx_tim.o(.text)
    TIM_OC1PolarityConfig                    0x08008c2f   Thumb Code    18  stm32f4xx_tim.o(.text)
    TIM_OC1NPolarityConfig                   0x08008c41   Thumb Code    18  stm32f4xx_tim.o(.text)
    TIM_OC2PolarityConfig                    0x08008c53   Thumb Code    26  stm32f4xx_tim.o(.text)
    TIM_OC2NPolarityConfig                   0x08008c6d   Thumb Code    26  stm32f4xx_tim.o(.text)
    TIM_OC3PolarityConfig                    0x08008c87   Thumb Code    26  stm32f4xx_tim.o(.text)
    TIM_OC3NPolarityConfig                   0x08008ca1   Thumb Code    26  stm32f4xx_tim.o(.text)
    TIM_OC4PolarityConfig                    0x08008cbb   Thumb Code    26  stm32f4xx_tim.o(.text)
    TIM_CCxCmd                               0x08008cd5   Thumb Code    30  stm32f4xx_tim.o(.text)
    TIM_CCxNCmd                              0x08008cf3   Thumb Code    30  stm32f4xx_tim.o(.text)
    TIM_SetIC4Prescaler                      0x08008d11   Thumb Code    26  stm32f4xx_tim.o(.text)
    TIM_SetIC3Prescaler                      0x08008d7b   Thumb Code    18  stm32f4xx_tim.o(.text)
    TIM_SetIC2Prescaler                      0x08008dd5   Thumb Code    26  stm32f4xx_tim.o(.text)
    TIM_SetIC1Prescaler                      0x08008e49   Thumb Code    18  stm32f4xx_tim.o(.text)
    TIM_ICInit                               0x08008e95   Thumb Code   110  stm32f4xx_tim.o(.text)
    TIM_ICStructInit                         0x08008f03   Thumb Code    18  stm32f4xx_tim.o(.text)
    TIM_PWMIConfig                           0x08008f15   Thumb Code   124  stm32f4xx_tim.o(.text)
    TIM_GetCapture1                          0x08008f91   Thumb Code     6  stm32f4xx_tim.o(.text)
    TIM_GetCapture2                          0x08008f97   Thumb Code     6  stm32f4xx_tim.o(.text)
    TIM_GetCapture3                          0x08008f9d   Thumb Code     6  stm32f4xx_tim.o(.text)
    TIM_GetCapture4                          0x08008fa3   Thumb Code     6  stm32f4xx_tim.o(.text)
    TIM_BDTRConfig                           0x08008fa9   Thumb Code    32  stm32f4xx_tim.o(.text)
    TIM_BDTRStructInit                       0x08008fc9   Thumb Code    18  stm32f4xx_tim.o(.text)
    TIM_CtrlPWMOutputs                       0x08008fdb   Thumb Code    30  stm32f4xx_tim.o(.text)
    TIM_SelectCOM                            0x08008ff9   Thumb Code    24  stm32f4xx_tim.o(.text)
    TIM_CCPreloadControl                     0x08009011   Thumb Code    24  stm32f4xx_tim.o(.text)
    TIM_ITConfig                             0x08009029   Thumb Code    18  stm32f4xx_tim.o(.text)
    TIM_GenerateEvent                        0x0800903b   Thumb Code     4  stm32f4xx_tim.o(.text)
    TIM_GetFlagStatus                        0x0800903f   Thumb Code    18  stm32f4xx_tim.o(.text)
    TIM_ClearFlag                            0x08009051   Thumb Code     6  stm32f4xx_tim.o(.text)
    TIM_GetITStatus                          0x08009057   Thumb Code    34  stm32f4xx_tim.o(.text)
    TIM_ClearITPendingBit                    0x08009079   Thumb Code     6  stm32f4xx_tim.o(.text)
    TIM_DMAConfig                            0x0800907f   Thumb Code    10  stm32f4xx_tim.o(.text)
    TIM_DMACmd                               0x08009089   Thumb Code    18  stm32f4xx_tim.o(.text)
    TIM_SelectCCDMA                          0x0800909b   Thumb Code    24  stm32f4xx_tim.o(.text)
    TIM_InternalClockConfig                  0x080090b3   Thumb Code    12  stm32f4xx_tim.o(.text)
    TIM_SelectInputTrigger                   0x080090bf   Thumb Code    18  stm32f4xx_tim.o(.text)
    TIM_ITRxExternalClockConfig              0x080090d1   Thumb Code    24  stm32f4xx_tim.o(.text)
    TIM_TIxExternalClockConfig               0x080090e9   Thumb Code    62  stm32f4xx_tim.o(.text)
    TIM_ETRConfig                            0x08009127   Thumb Code    28  stm32f4xx_tim.o(.text)
    TIM_ETRClockMode1Config                  0x08009143   Thumb Code    54  stm32f4xx_tim.o(.text)
    TIM_ETRClockMode2Config                  0x08009179   Thumb Code    32  stm32f4xx_tim.o(.text)
    TIM_SelectOutputTrigger                  0x08009199   Thumb Code    18  stm32f4xx_tim.o(.text)
    TIM_SelectSlaveMode                      0x080091ab   Thumb Code    18  stm32f4xx_tim.o(.text)
    TIM_SelectMasterSlaveMode                0x080091bd   Thumb Code    18  stm32f4xx_tim.o(.text)
    TIM_EncoderInterfaceConfig               0x080091cf   Thumb Code    66  stm32f4xx_tim.o(.text)
    TIM_SelectHallSensor                     0x08009211   Thumb Code    24  stm32f4xx_tim.o(.text)
    TIM_RemapConfig                          0x08009229   Thumb Code     6  stm32f4xx_tim.o(.text)
    __use_no_semihosting                     0x0800922f   Thumb Code     2  use_no_semi_2.o(.text)
    __2printf                                0x08009231   Thumb Code    20  noretval__2printf.o(.text)
    __printf                                 0x08009249   Thumb Code   104  __printf.o(.text)
    _printf_str                              0x080092b1   Thumb Code    82  _printf_str.o(.text)
    _printf_int_hex                          0x08009305   Thumb Code    84  _printf_hex_int.o(.text)
    _printf_longlong_hex                     0x08009305   Thumb Code     0  _printf_hex_int.o(.text)
    __use_two_region_memory                  0x0800935d   Thumb Code     2  heapauxi.o(.text)
    __rt_heap_escrow$2region                 0x0800935f   Thumb Code     2  heapauxi.o(.text)
    __rt_heap_expand$2region                 0x08009361   Thumb Code     2  heapauxi.o(.text)
    __I$use$semihosting                      0x08009363   Thumb Code     0  use_no_semi.o(.text)
    __use_no_semihosting_swi                 0x08009363   Thumb Code     2  use_no_semi.o(.text)
    __read_errno                             0x08009365   Thumb Code    10  _rserrno.o(.text)
    __set_errno                              0x0800936f   Thumb Code    12  _rserrno.o(.text)
    _printf_int_common                       0x0800937b   Thumb Code   178  _printf_intcommon.o(.text)
    _printf_cs_common                        0x0800942d   Thumb Code    20  _printf_char.o(.text)
    _printf_char                             0x08009441   Thumb Code    16  _printf_char.o(.text)
    _printf_string                           0x08009451   Thumb Code     8  _printf_char.o(.text)
    _printf_char_file                        0x08009459   Thumb Code    32  _printf_char_file.o(.text)
    __aeabi_errno_addr                       0x0800947d   Thumb Code     8  rt_errno_addr_intlibspace.o(.text)
    __errno$intlibspace                      0x0800947d   Thumb Code     0  rt_errno_addr_intlibspace.o(.text)
    __rt_errno_addr$intlibspace              0x0800947d   Thumb Code     0  rt_errno_addr_intlibspace.o(.text)
    _printf_char_common                      0x0800948f   Thumb Code    32  _printf_char_common.o(.text)
    ferror                                   0x080094b5   Thumb Code     8  ferror.o(.text)
    __user_libspace                          0x080094bd   Thumb Code     8  libspace.o(.text)
    __user_perproc_libspace                  0x080094bd   Thumb Code     0  libspace.o(.text)
    __user_perthread_libspace                0x080094bd   Thumb Code     0  libspace.o(.text)
    __user_setup_stackheap                   0x080094c5   Thumb Code    74  sys_stackheap_outer.o(.text)
    exit                                     0x0800950f   Thumb Code    12  exit.o(.text)
    __ARM_fpclassify                         0x0800951b   Thumb Code    48  fpclassify.o(i.__ARM_fpclassify)
    __hardfp_atan                            0x08009551   Thumb Code   622  atan.o(i.__hardfp_atan)
    __hardfp_cos                             0x08009829   Thumb Code   180  cos.o(i.__hardfp_cos)
    __hardfp_fabs                            0x080098f1   Thumb Code    20  fabs.o(i.__hardfp_fabs)
    __hardfp_pow                             0x08009909   Thumb Code  3044  pow.o(i.__hardfp_pow)
    __hardfp_sin                             0x0800a541   Thumb Code   180  sin.o(i.__hardfp_sin)
    __hardfp_sqrt                            0x0800a609   Thumb Code   122  sqrt.o(i.__hardfp_sqrt)
    __ieee754_rem_pio2                       0x0800a689   Thumb Code   938  rred.o(i.__ieee754_rem_pio2)
    __kernel_cos                             0x0800aac1   Thumb Code   322  cos_i.o(i.__kernel_cos)
    __kernel_poly                            0x0800ac31   Thumb Code   248  poly.o(i.__kernel_poly)
    __kernel_sin                             0x0800ad29   Thumb Code   280  sin_i.o(i.__kernel_sin)
    __mathlib_dbl_divzero                    0x0800ae59   Thumb Code    28  dunder.o(i.__mathlib_dbl_divzero)
    __mathlib_dbl_infnan                     0x0800ae89   Thumb Code    20  dunder.o(i.__mathlib_dbl_infnan)
    __mathlib_dbl_infnan2                    0x0800ae9d   Thumb Code    20  dunder.o(i.__mathlib_dbl_infnan2)
    __mathlib_dbl_invalid                    0x0800aeb1   Thumb Code    24  dunder.o(i.__mathlib_dbl_invalid)
    __mathlib_dbl_overflow                   0x0800aed1   Thumb Code    24  dunder.o(i.__mathlib_dbl_overflow)
    __mathlib_dbl_underflow                  0x0800aef1   Thumb Code    24  dunder.o(i.__mathlib_dbl_underflow)
    fabs                                     0x0800af11   Thumb Code    24  fabs.o(i.fabs)
    sqrt                                     0x0800af29   Thumb Code   110  sqrt.o(i.sqrt)
    __aeabi_dneg                             0x0800af97   Thumb Code     0  basic.o(x$fpl$basic)
    _dneg                                    0x0800af97   Thumb Code     6  basic.o(x$fpl$basic)
    __aeabi_fneg                             0x0800af9d   Thumb Code     0  basic.o(x$fpl$basic)
    _fneg                                    0x0800af9d   Thumb Code     6  basic.o(x$fpl$basic)
    _dabs                                    0x0800afa3   Thumb Code     6  basic.o(x$fpl$basic)
    _fabs                                    0x0800afa9   Thumb Code     6  basic.o(x$fpl$basic)
    __aeabi_d2f                              0x0800afb1   Thumb Code     0  d2f.o(x$fpl$d2f)
    _d2f                                     0x0800afb1   Thumb Code    98  d2f.o(x$fpl$d2f)
    __aeabi_dadd                             0x0800b015   Thumb Code     0  daddsub_clz.o(x$fpl$dadd)
    _dadd                                    0x0800b015   Thumb Code   332  daddsub_clz.o(x$fpl$dadd)
    __fpl_dcheck_NaN1                        0x0800b165   Thumb Code    10  dcheck1.o(x$fpl$dcheck1)
    __fpl_dcmp_Inf                           0x0800b175   Thumb Code    24  dcmpi.o(x$fpl$dcmpinf)
    __aeabi_ddiv                             0x0800b18d   Thumb Code     0  ddiv.o(x$fpl$ddiv)
    _ddiv                                    0x0800b18d   Thumb Code   552  ddiv.o(x$fpl$ddiv)
    __aeabi_d2iz                             0x0800b43d   Thumb Code     0  dfix.o(x$fpl$dfix)
    _dfix                                    0x0800b43d   Thumb Code    94  dfix.o(x$fpl$dfix)
    __aeabi_d2uiz                            0x0800b49d   Thumb Code     0  dfixu.o(x$fpl$dfixu)
    _dfixu                                   0x0800b49d   Thumb Code    90  dfixu.o(x$fpl$dfixu)
    __aeabi_i2d                              0x0800b4f7   Thumb Code     0  dflt_clz.o(x$fpl$dflt)
    _dflt                                    0x0800b4f7   Thumb Code    46  dflt_clz.o(x$fpl$dflt)
    __aeabi_ui2d                             0x0800b525   Thumb Code     0  dflt_clz.o(x$fpl$dfltu)
    _dfltu                                   0x0800b525   Thumb Code    38  dflt_clz.o(x$fpl$dfltu)
    __aeabi_cdcmple                          0x0800b54d   Thumb Code     0  dleqf.o(x$fpl$dleqf)
    _dcmple                                  0x0800b54d   Thumb Code   120  dleqf.o(x$fpl$dleqf)
    __fpl_dcmple_InfNaN                      0x0800b5af   Thumb Code     0  dleqf.o(x$fpl$dleqf)
    __aeabi_dmul                             0x0800b5c5   Thumb Code     0  dmul.o(x$fpl$dmul)
    _dmul                                    0x0800b5c5   Thumb Code   332  dmul.o(x$fpl$dmul)
    __fpl_dnaninf                            0x0800b719   Thumb Code   156  dnaninf.o(x$fpl$dnaninf)
    __fpl_dretinf                            0x0800b7b5   Thumb Code    12  dretinf.o(x$fpl$dretinf)
    __aeabi_cdrcmple                         0x0800b7c1   Thumb Code     0  drleqf.o(x$fpl$drleqf)
    _drcmple                                 0x0800b7c1   Thumb Code   108  drleqf.o(x$fpl$drleqf)
    __aeabi_drsub                            0x0800b82d   Thumb Code     0  daddsub_clz.o(x$fpl$drsb)
    _drsb                                    0x0800b82d   Thumb Code    22  daddsub_clz.o(x$fpl$drsb)
    _dsqrt                                   0x0800b845   Thumb Code   404  dsqrt_umaal.o(x$fpl$dsqrt)
    __aeabi_dsub                             0x0800b9dd   Thumb Code     0  daddsub_clz.o(x$fpl$dsub)
    _dsub                                    0x0800b9dd   Thumb Code   464  daddsub_clz.o(x$fpl$dsub)
    __aeabi_f2d                              0x0800bbb1   Thumb Code     0  f2d.o(x$fpl$f2d)
    _f2d                                     0x0800bbb1   Thumb Code    86  f2d.o(x$fpl$f2d)
    __fpl_fnaninf                            0x0800bc07   Thumb Code   140  fnaninf.o(x$fpl$fnaninf)
    _fp_init                                 0x0800bc93   Thumb Code    10  fpinit.o(x$fpl$fpinit)
    __fplib_config_fpu_vfp                   0x0800bc9b   Thumb Code     0  fpinit.o(x$fpl$fpinit)
    __fplib_config_pureend_doubles           0x0800bc9b   Thumb Code     0  fpinit.o(x$fpl$fpinit)
    __fpl_fretinf                            0x0800bc9d   Thumb Code    10  fretinf.o(x$fpl$fretinf)
    __fpl_return_NaN                         0x0800bca7   Thumb Code   100  retnan.o(x$fpl$retnan)
    __ARM_scalbn                             0x0800bd0b   Thumb Code    92  scalbn.o(x$fpl$scalbn)
    __fpl_cmpreturn                          0x0800bd67   Thumb Code    48  trapv.o(x$fpl$trapveneer)
    __I$use$fp                               0x0800bd96   Number         0  usenofp.o(x$fpl$usenofp)
    asc2_1206                                0x0800bd96   Data        1140  lcd.o(.constdata)
    asc2_1608                                0x0800c20a   Data        1520  lcd.o(.constdata)
    asc2_2412                                0x0800c7fa   Data        3420  lcd.o(.constdata)
    ov7670_init_reg_tbl                      0x0800d556   Data         336  ov7670.o(.constdata)
    FSMC_DefaultTimingStruct                 0x0800d6a8   Data          28  stm32f4xx_fsmc.o(.constdata)
    __mathlib_zero                           0x0800d840   Data           8  qnan.o(.constdata)
    Region$$Table$$Base                      0x0800d938   Number         0  anon$$obj.o(Region$$Table)
    Region$$Table$$Limit                     0x0800d958   Number         0  anon$$obj.o(Region$$Table)
    chuli_flag                               0x20000000   Data           1  main.o(.data)
    SystemCoreClock                          0x20000004   Data           4  system_stm32f4xx.o(.data)
    AHBPrescTable                            0x20000008   Data          16  system_stm32f4xx.o(.data)
    POINT_COLOR                              0x20000018   Data           2  lcd.o(.data)
    BACK_COLOR                               0x2000001a   Data           2  lcd.o(.data)
    ov_sta                                   0x2000001d   Data           1  exti.o(.data)
    whiteline                                0x2000001e   Data           1  pic_process.o(.data)
    linebotton                               0x20000020   Data           2  pic_process.o(.data)
    __stdout                                 0x20000028   Data           4  usart.o(.data)
    USART_RX_STA                             0x2000002c   Data           2  usart.o(.data)
    lcddev                                   0x20000040   Data          14  lcd.o(.bss)
    image                                    0x2000004e   Data       19200  figure_define.o(.bss)
    tempimage                                0x20004b4e   Data       19200  figure_define.o(.bss)
    imag_Minesweep                           0x2000964e   Data       19200  figure_define.o(.bss)
    USART_RX_BUF                             0x2000e14e   Data         200  usart.o(.bss)
    __libspace_start                         0x2000e218   Data          96  libspace.o(.bss)
    __temporary_stack_top$libspace           0x2000e278   Data           0  libspace.o(.bss)



==============================================================================

Memory Map of the image

  Image Entry point : 0x08000189

  Load Region LR_IROM1 (Base: 0x08000000, Size: 0x0000d998, Max: 0x00100000, ABSOLUTE)

    Execution Region ER_IROM1 (Base: 0x08000000, Size: 0x0000d958, Max: 0x00100000, ABSOLUTE)

    Base Addr    Size         Type   Attr      Idx    E Section Name        Object

    0x08000000   0x00000188   Data   RO          644    RESET               startup_stm32f40_41xxx.o
    0x08000188   0x00000008   Code   RO          872  * !!!main             c_w.l(__main.o)
    0x08000190   0x00000034   Code   RO         1208    !!!scatter          c_w.l(__scatter.o)
    0x080001c4   0x0000001a   Code   RO         1210    !!handler_copy      c_w.l(__scatter_copy.o)
    0x080001de   0x00000002   PAD
    0x080001e0   0x0000001c   Code   RO         1212    !!handler_zi        c_w.l(__scatter_zi.o)
    0x080001fc   0x00000000   Code   RO          869    .ARM.Collect$$_printf_percent$$00000000  c_w.l(_printf_percent.o)
    0x080001fc   0x00000006   Code   RO          868    .ARM.Collect$$_printf_percent$$0000000C  c_w.l(_printf_x.o)
    0x08000202   0x00000006   Code   RO          867    .ARM.Collect$$_printf_percent$$00000013  c_w.l(_printf_c.o)
    0x08000208   0x00000004   Code   RO          981    .ARM.Collect$$_printf_percent$$00000017  c_w.l(_printf_percent_end.o)
    0x0800020c   0x00000002   Code   RO         1082    .ARM.Collect$$libinit$$00000000  c_w.l(libinit.o)
    0x0800020e   0x00000004   Code   RO         1087    .ARM.Collect$$libinit$$00000001  c_w.l(libinit2.o)
    0x08000212   0x00000000   Code   RO         1090    .ARM.Collect$$libinit$$00000004  c_w.l(libinit2.o)
    0x08000212   0x00000000   Code   RO         1093    .ARM.Collect$$libinit$$0000000A  c_w.l(libinit2.o)
    0x08000212   0x00000000   Code   RO         1095    .ARM.Collect$$libinit$$0000000C  c_w.l(libinit2.o)
    0x08000212   0x00000000   Code   RO         1097    .ARM.Collect$$libinit$$0000000E  c_w.l(libinit2.o)
    0x08000212   0x00000000   Code   RO         1100    .ARM.Collect$$libinit$$00000011  c_w.l(libinit2.o)
    0x08000212   0x00000000   Code   RO         1102    .ARM.Collect$$libinit$$00000013  c_w.l(libinit2.o)
    0x08000212   0x00000000   Code   RO         1104    .ARM.Collect$$libinit$$00000015  c_w.l(libinit2.o)
    0x08000212   0x00000000   Code   RO         1106    .ARM.Collect$$libinit$$00000017  c_w.l(libinit2.o)
    0x08000212   0x00000000   Code   RO         1108    .ARM.Collect$$libinit$$00000019  c_w.l(libinit2.o)
    0x08000212   0x00000000   Code   RO         1110    .ARM.Collect$$libinit$$0000001B  c_w.l(libinit2.o)
    0x08000212   0x00000000   Code   RO         1112    .ARM.Collect$$libinit$$0000001D  c_w.l(libinit2.o)
    0x08000212   0x00000000   Code   RO         1114    .ARM.Collect$$libinit$$0000001F  c_w.l(libinit2.o)
    0x08000212   0x00000000   Code   RO         1116    .ARM.Collect$$libinit$$00000021  c_w.l(libinit2.o)
    0x08000212   0x00000000   Code   RO         1118    .ARM.Collect$$libinit$$00000023  c_w.l(libinit2.o)
    0x08000212   0x00000000   Code   RO         1120    .ARM.Collect$$libinit$$00000025  c_w.l(libinit2.o)
    0x08000212   0x00000000   Code   RO         1124    .ARM.Collect$$libinit$$0000002C  c_w.l(libinit2.o)
    0x08000212   0x00000000   Code   RO         1126    .ARM.Collect$$libinit$$0000002E  c_w.l(libinit2.o)
    0x08000212   0x00000000   Code   RO         1128    .ARM.Collect$$libinit$$00000030  c_w.l(libinit2.o)
    0x08000212   0x00000000   Code   RO         1130    .ARM.Collect$$libinit$$00000032  c_w.l(libinit2.o)
    0x08000212   0x00000002   Code   RO         1131    .ARM.Collect$$libinit$$00000033  c_w.l(libinit2.o)
    0x08000214   0x00000002   Code   RO         1151    .ARM.Collect$$libshutdown$$00000000  c_w.l(libshutdown.o)
    0x08000216   0x00000000   Code   RO         1162    .ARM.Collect$$libshutdown$$00000003  c_w.l(libshutdown2.o)
    0x08000216   0x00000000   Code   RO         1165    .ARM.Collect$$libshutdown$$00000006  c_w.l(libshutdown2.o)
    0x08000216   0x00000000   Code   RO         1168    .ARM.Collect$$libshutdown$$00000009  c_w.l(libshutdown2.o)
    0x08000216   0x00000000   Code   RO         1170    .ARM.Collect$$libshutdown$$0000000B  c_w.l(libshutdown2.o)
    0x08000216   0x00000000   Code   RO         1173    .ARM.Collect$$libshutdown$$0000000E  c_w.l(libshutdown2.o)
    0x08000216   0x00000002   Code   RO         1174    .ARM.Collect$$libshutdown$$0000000F  c_w.l(libshutdown2.o)
    0x08000218   0x00000000   Code   RO          972    .ARM.Collect$$rtentry$$00000000  c_w.l(__rtentry.o)
    0x08000218   0x00000000   Code   RO         1035    .ARM.Collect$$rtentry$$00000002  c_w.l(__rtentry2.o)
    0x08000218   0x00000006   Code   RO         1047    .ARM.Collect$$rtentry$$00000004  c_w.l(__rtentry4.o)
    0x0800021e   0x00000000   Code   RO         1037    .ARM.Collect$$rtentry$$00000009  c_w.l(__rtentry2.o)
    0x0800021e   0x00000004   Code   RO         1038    .ARM.Collect$$rtentry$$0000000A  c_w.l(__rtentry2.o)
    0x08000222   0x00000000   Code   RO         1040    .ARM.Collect$$rtentry$$0000000C  c_w.l(__rtentry2.o)
    0x08000222   0x00000008   Code   RO         1041    .ARM.Collect$$rtentry$$0000000D  c_w.l(__rtentry2.o)
    0x0800022a   0x00000002   Code   RO         1085    .ARM.Collect$$rtexit$$00000000  c_w.l(rtexit.o)
    0x0800022c   0x00000000   Code   RO         1135    .ARM.Collect$$rtexit$$00000002  c_w.l(rtexit2.o)
    0x0800022c   0x00000004   Code   RO         1136    .ARM.Collect$$rtexit$$00000003  c_w.l(rtexit2.o)
    0x08000230   0x00000006   Code   RO         1137    .ARM.Collect$$rtexit$$00000004  c_w.l(rtexit2.o)
    0x08000236   0x00000002   PAD
    0x08000238   0x00000648   Code   RO            3    .text               main.o
    0x08000880   0x0000001a   Code   RO          202    .text               stm32f4xx_it.o
    0x0800089a   0x00000002   PAD
    0x0800089c   0x00000210   Code   RO          251    .text               system_stm32f4xx.o
    0x08000aac   0x00000040   Code   RO          277    .text               led.o
    0x08000aec   0x00004c80   Code   RO          297    .text               lcd.o
    0x0800576c   0x0000030c   Code   RO          335    .text               ov7670.o
    0x08005a78   0x00000260   Code   RO          361    .text               sccb.o
    0x08005cd8   0x00000104   Code   RO          381    .text               key.o
    0x08005ddc   0x000000b0   Code   RO          402    .text               exti.o
    0x08005e8c   0x0000005c   Code   RO          452    .text               timer.o
    0x08005ee8   0x00000a30   Code   RO          517    .text               figure.o
    0x08006918   0x0000002a   Code   RO          529    .text               figure_define.o
    0x08006942   0x00000002   PAD
    0x08006944   0x00000426   Code   RO          547    .text               figure_math.o
    0x08006d6a   0x00000002   PAD
    0x08006d6c   0x00000104   Code   RO          573    .text               delay.o
    0x08006e70   0x0000014c   Code   RO          613    .text               usart.o
    0x08006fbc   0x00000040   Code   RO          645    .text               startup_stm32f40_41xxx.o
    0x08006ffc   0x000000e0   Code   RO          651    .text               misc.o
    0x080070dc   0x00000294   Code   RO          671    .text               stm32f4xx_gpio.o
    0x08007370   0x000005c8   Code   RO          691    .text               stm32f4xx_fsmc.o
    0x08007938   0x0000065c   Code   RO          714    .text               stm32f4xx_rcc.o
    0x08007f94   0x00000094   Code   RO          736    .text               stm32f4xx_syscfg.o
    0x08008028   0x00000454   Code   RO          756    .text               stm32f4xx_usart.o
    0x0800847c   0x00000110   Code   RO          776    .text               stm32f4xx_exti.o
    0x0800858c   0x00000ca2   Code   RO          796    .text               stm32f4xx_tim.o
    0x0800922e   0x00000002   Code   RO          816    .text               c_w.l(use_no_semi_2.o)
    0x08009230   0x00000018   Code   RO          820    .text               c_w.l(noretval__2printf.o)
    0x08009248   0x00000068   Code   RO          822    .text               c_w.l(__printf.o)
    0x080092b0   0x00000052   Code   RO          824    .text               c_w.l(_printf_str.o)
    0x08009302   0x00000002   PAD
    0x08009304   0x00000058   Code   RO          829    .text               c_w.l(_printf_hex_int.o)
    0x0800935c   0x00000006   Code   RO          870    .text               c_w.l(heapauxi.o)
    0x08009362   0x00000002   Code   RO          970    .text               c_w.l(use_no_semi.o)
    0x08009364   0x00000016   Code   RO          973    .text               c_w.l(_rserrno.o)
    0x0800937a   0x000000b2   Code   RO          975    .text               c_w.l(_printf_intcommon.o)
    0x0800942c   0x0000002c   Code   RO          977    .text               c_w.l(_printf_char.o)
    0x08009458   0x00000024   Code   RO          979    .text               c_w.l(_printf_char_file.o)
    0x0800947c   0x00000008   Code   RO         1052    .text               c_w.l(rt_errno_addr_intlibspace.o)
    0x08009484   0x00000030   Code   RO         1054    .text               c_w.l(_printf_char_common.o)
    0x080094b4   0x00000008   Code   RO         1056    .text               c_w.l(ferror.o)
    0x080094bc   0x00000008   Code   RO         1068    .text               c_w.l(libspace.o)
    0x080094c4   0x0000004a   Code   RO         1071    .text               c_w.l(sys_stackheap_outer.o)
    0x0800950e   0x0000000c   Code   RO         1075    .text               c_w.l(exit.o)
    0x0800951a   0x00000030   Code   RO         1018    i.__ARM_fpclassify  m_wm.l(fpclassify.o)
    0x0800954a   0x00000006   PAD
    0x08009550   0x000002d8   Code   RO          900    i.__hardfp_atan     m_wm.l(atan.o)
    0x08009828   0x000000c8   Code   RO          914    i.__hardfp_cos      m_wm.l(cos.o)
    0x080098f0   0x00000014   Code   RO          926    i.__hardfp_fabs     m_wm.l(fabs.o)
    0x08009904   0x00000004   PAD
    0x08009908   0x00000c38   Code   RO          932    i.__hardfp_pow      m_wm.l(pow.o)
    0x0800a540   0x000000c8   Code   RO          946    i.__hardfp_sin      m_wm.l(sin.o)
    0x0800a608   0x0000007a   Code   RO          958    i.__hardfp_sqrt     m_wm.l(sqrt.o)
    0x0800a682   0x00000006   PAD
    0x0800a688   0x00000438   Code   RO         1023    i.__ieee754_rem_pio2  m_wm.l(rred.o)
    0x0800aac0   0x00000170   Code   RO         1001    i.__kernel_cos      m_wm.l(cos_i.o)
    0x0800ac30   0x000000f8   Code   RO         1020    i.__kernel_poly     m_wm.l(poly.o)
    0x0800ad28   0x00000130   Code   RO         1028    i.__kernel_sin      m_wm.l(sin_i.o)
    0x0800ae58   0x00000030   Code   RO         1004    i.__mathlib_dbl_divzero  m_wm.l(dunder.o)
    0x0800ae88   0x00000014   Code   RO         1005    i.__mathlib_dbl_infnan  m_wm.l(dunder.o)
    0x0800ae9c   0x00000014   Code   RO         1006    i.__mathlib_dbl_infnan2  m_wm.l(dunder.o)
    0x0800aeb0   0x00000020   Code   RO         1007    i.__mathlib_dbl_invalid  m_wm.l(dunder.o)
    0x0800aed0   0x00000020   Code   RO         1008    i.__mathlib_dbl_overflow  m_wm.l(dunder.o)
    0x0800aef0   0x00000020   Code   RO         1010    i.__mathlib_dbl_underflow  m_wm.l(dunder.o)
    0x0800af10   0x00000018   Code   RO          928    i.fabs              m_wm.l(fabs.o)
    0x0800af28   0x0000006e   Code   RO          960    i.sqrt              m_wm.l(sqrt.o)
    0x0800af96   0x00000018   Code   RO          982    x$fpl$basic         fz_wm.l(basic.o)
    0x0800afae   0x00000002   PAD
    0x0800afb0   0x00000062   Code   RO          874    x$fpl$d2f           fz_wm.l(d2f.o)
    0x0800b012   0x00000002   PAD
    0x0800b014   0x00000150   Code   RO          876    x$fpl$dadd          fz_wm.l(daddsub_clz.o)
    0x0800b164   0x00000010   Code   RO         1060    x$fpl$dcheck1       fz_wm.l(dcheck1.o)
    0x0800b174   0x00000018   Code   RO         1062    x$fpl$dcmpinf       fz_wm.l(dcmpi.o)
    0x0800b18c   0x000002b0   Code   RO          883    x$fpl$ddiv          fz_wm.l(ddiv.o)
    0x0800b43c   0x0000005e   Code   RO         1064    x$fpl$dfix          fz_wm.l(dfix.o)
    0x0800b49a   0x00000002   PAD
    0x0800b49c   0x0000005a   Code   RO          886    x$fpl$dfixu         fz_wm.l(dfixu.o)
    0x0800b4f6   0x0000002e   Code   RO          891    x$fpl$dflt          fz_wm.l(dflt_clz.o)
    0x0800b524   0x00000026   Code   RO          890    x$fpl$dfltu         fz_wm.l(dflt_clz.o)
    0x0800b54a   0x00000002   PAD
    0x0800b54c   0x00000078   Code   RO          984    x$fpl$dleqf         fz_wm.l(dleqf.o)
    0x0800b5c4   0x00000154   Code   RO          896    x$fpl$dmul          fz_wm.l(dmul.o)
    0x0800b718   0x0000009c   Code   RO          986    x$fpl$dnaninf       fz_wm.l(dnaninf.o)
    0x0800b7b4   0x0000000c   Code   RO          988    x$fpl$dretinf       fz_wm.l(dretinf.o)
    0x0800b7c0   0x0000006c   Code   RO          990    x$fpl$drleqf        fz_wm.l(drleqf.o)
    0x0800b82c   0x00000016   Code   RO          877    x$fpl$drsb          fz_wm.l(daddsub_clz.o)
    0x0800b842   0x00000002   PAD
    0x0800b844   0x00000198   Code   RO          992    x$fpl$dsqrt         fz_wm.l(dsqrt_umaal.o)
    0x0800b9dc   0x000001d4   Code   RO          878    x$fpl$dsub          fz_wm.l(daddsub_clz.o)
    0x0800bbb0   0x00000056   Code   RO          898    x$fpl$f2d           fz_wm.l(f2d.o)
    0x0800bc06   0x0000008c   Code   RO          994    x$fpl$fnaninf       fz_wm.l(fnaninf.o)
    0x0800bc92   0x0000000a   Code   RO         1143    x$fpl$fpinit        fz_wm.l(fpinit.o)
    0x0800bc9c   0x0000000a   Code   RO          996    x$fpl$fretinf       fz_wm.l(fretinf.o)
    0x0800bca6   0x00000064   Code   RO         1083    x$fpl$retnan        fz_wm.l(retnan.o)
    0x0800bd0a   0x0000005c   Code   RO          998    x$fpl$scalbn        fz_wm.l(scalbn.o)
    0x0800bd66   0x00000030   Code   RO         1132    x$fpl$trapveneer    fz_wm.l(trapv.o)
    0x0800bd96   0x00000000   Code   RO         1000    x$fpl$usenofp       fz_wm.l(usenofp.o)
    0x0800bd96   0x000017c0   Data   RO          299    .constdata          lcd.o
    0x0800d556   0x00000150   Data   RO          336    .constdata          ov7670.o
    0x0800d6a6   0x00000002   PAD
    0x0800d6a8   0x0000001c   Data   RO          692    .constdata          stm32f4xx_fsmc.o
    0x0800d6c4   0x00000028   Data   RO          830    .constdata          c_w.l(_printf_hex_int.o)
    0x0800d6ec   0x00000004   PAD
    0x0800d6f0   0x00000098   Data   RO          903    .constdata          m_wm.l(atan.o)
    0x0800d788   0x00000088   Data   RO          935    .constdata          m_wm.l(pow.o)
    0x0800d810   0x00000030   Data   RO         1002    .constdata          m_wm.l(cos_i.o)
    0x0800d840   0x00000008   Data   RO         1022    .constdata          m_wm.l(qnan.o)
    0x0800d848   0x000000c8   Data   RO         1025    .constdata          m_wm.l(rred.o)
    0x0800d910   0x00000028   Data   RO         1029    .constdata          m_wm.l(sin_i.o)
    0x0800d938   0x00000020   Data   RO         1206    Region$$Table       anon$$obj.o


    Execution Region RW_IRAM1 (Base: 0x20000000, Size: 0x0000e878, Max: 0x00020000, ABSOLUTE)

    Base Addr    Size         Type   Attr      Idx    E Section Name        Object

    0x20000000   0x00000001   Data   RW            5    .data               main.o
    0x20000001   0x00000003   PAD
    0x20000004   0x00000014   Data   RW          252    .data               system_stm32f4xx.o
    0x20000018   0x00000004   Data   RW          300    .data               lcd.o
    0x2000001c   0x00000001   Data   RW          382    .data               key.o
    0x2000001d   0x00000001   Data   RW          403    .data               exti.o
    0x2000001e   0x00000004   Data   RW          474    .data               pic_process.o
    0x20000022   0x00000004   Data   RW          574    .data               delay.o
    0x20000026   0x00000002   PAD
    0x20000028   0x00000006   Data   RW          615    .data               usart.o
    0x2000002e   0x00000010   Data   RW          715    .data               stm32f4xx_rcc.o
    0x2000003e   0x00000002   PAD
    0x20000040   0x0000000e   Zero   RW          298    .bss                lcd.o
    0x2000004e   0x0000e100   Zero   RW          530    .bss                figure_define.o
    0x2000e14e   0x000000c8   Zero   RW          614    .bss                usart.o
    0x2000e216   0x00000002   PAD
    0x2000e218   0x00000060   Zero   RW         1069    .bss                c_w.l(libspace.o)
    0x2000e278   0x00000200   Zero   RW          643    HEAP                startup_stm32f40_41xxx.o
    0x2000e478   0x00000400   Zero   RW          642    STACK               startup_stm32f40_41xxx.o


==============================================================================

Image component sizes


      Code (inc. data)   RO Data    RW Data    ZI Data      Debug   Object Name

       260          8          0          4          0       1433   delay.o
       176         14          0          1          0        961   exti.o
      2608         48          0          0          0       4751   figure.o
        42          0          0          0      57600       2829   figure_define.o
      1062         12          0          0          0       3006   figure_math.o
       260         12          0          1          0        864   key.o
     19584        174       6080          4         14      22258   lcd.o
        64          4          0          0          0        523   led.o
      1608        270          0          1          0     295934   main.o
       224         20          0          0          0       1813   misc.o
       780         22        336          0          0       2997   ov7670.o
         0          0          0          4          0        649   pic_process.o
       608         14          0          0          0       2015   sccb.o
        64         26        392          0       1536        832   startup_stm32f40_41xxx.o
       272         10          0          0          0       2255   stm32f4xx_exti.o
      1480         18         28          0          0       5610   stm32f4xx_fsmc.o
       660         44          0          0          0       4089   stm32f4xx_gpio.o
        26          0          0          0          0       1218   stm32f4xx_it.o
      1628         52          0         16          0      12876   stm32f4xx_rcc.o
       148         12          0          0          0       1841   stm32f4xx_syscfg.o
      3234         60          0          0          0      22292   stm32f4xx_tim.o
      1108         34          0          0          0       7788   stm32f4xx_usart.o
       528         46          0         20          0       1771   system_stm32f4xx.o
        92          4          0          0          0        672   timer.o
       332         18          0          6        200       3306   usart.o

    ----------------------------------------------------------------------
     36854        922       6870         64      59352     404583   Object Totals
         0          0         32          0          0          0   (incl. Generated)
         6          0          2          7          2          0   (incl. Padding)

    ----------------------------------------------------------------------

      Code (inc. data)   RO Data    RW Data    ZI Data      Debug   Library Member Name

         8          0          0          0          0         68   __main.o
       104          0          0          0          0         84   __printf.o
         0          0          0          0          0          0   __rtentry.o
        12          0          0          0          0          0   __rtentry2.o
         6          0          0          0          0          0   __rtentry4.o
        52          8          0          0          0          0   __scatter.o
        26          0          0          0          0          0   __scatter_copy.o
        28          0          0          0          0          0   __scatter_zi.o
         6          0          0          0          0          0   _printf_c.o
        44          0          0          0          0        108   _printf_char.o
        48          6          0          0          0         96   _printf_char_common.o
        36          4          0          0          0         80   _printf_char_file.o
        88          4         40          0          0         88   _printf_hex_int.o
       178          0          0          0          0         88   _printf_intcommon.o
         0          0          0          0          0          0   _printf_percent.o
         4          0          0          0          0          0   _printf_percent_end.o
        82          0          0          0          0         80   _printf_str.o
         6          0          0          0          0          0   _printf_x.o
        22          0          0          0          0        100   _rserrno.o
        12          0          0          0          0         72   exit.o
         8          0          0          0          0         68   ferror.o
         6          0          0          0          0        152   heapauxi.o
         2          0          0          0          0          0   libinit.o
         6          0          0          0          0          0   libinit2.o
         2          0          0          0          0          0   libshutdown.o
         2          0          0          0          0          0   libshutdown2.o
         8          4          0          0         96         68   libspace.o
        24          4          0          0          0         84   noretval__2printf.o
         8          4          0          0          0         68   rt_errno_addr_intlibspace.o
         2          0          0          0          0          0   rtexit.o
        10          0          0          0          0          0   rtexit2.o
        74          0          0          0          0         80   sys_stackheap_outer.o
         2          0          0          0          0         68   use_no_semi.o
         2          0          0          0          0         68   use_no_semi_2.o
        24          0          0          0          0        164   basic.o
        98          4          0          0          0        140   d2f.o
       826         16          0          0          0        492   daddsub_clz.o
        16          4          0          0          0        116   dcheck1.o
        24          0          0          0          0        116   dcmpi.o
       688        140          0          0          0        256   ddiv.o
        94          4          0          0          0        140   dfix.o
        90          4          0          0          0        140   dfixu.o
        84          0          0          0          0        232   dflt_clz.o
       120          4          0          0          0        140   dleqf.o
       340         12          0          0          0        152   dmul.o
       156          4          0          0          0        140   dnaninf.o
        12          0          0          0          0        116   dretinf.o
       108          0          0          0          0        128   drleqf.o
       408         56          0          0          0        168   dsqrt_umaal.o
        86          4          0          0          0        132   f2d.o
       140          4          0          0          0        132   fnaninf.o
        10          0          0          0          0        116   fpinit.o
        10          0          0          0          0        116   fretinf.o
       100          0          0          0          0        116   retnan.o
        92          0          0          0          0        116   scalbn.o
        48          0          0          0          0        116   trapv.o
         0          0          0          0          0          0   usenofp.o
       728        106        152          0          0        228   atan.o
       200         20          0          0          0        164   cos.o
       368         46         48          0          0        200   cos_i.o
       184         44          0          0          0        744   dunder.o
        44          0          0          0          0        248   fabs.o
        48          0          0          0          0        124   fpclassify.o
       248          0          0          0          0        152   poly.o
      3128        302        136          0          0        356   pow.o
         0          0          8          0          0          0   qnan.o
      1080        142        200          0          0        188   rred.o
       200         20          0          0          0        164   sin.o
       304         24         40          0          0        208   sin_i.o
       232          0          0          0          0        296   sqrt.o

    ----------------------------------------------------------------------
     11288        994        628          0         96       8076   Library Totals
        32          0          4          0          0          0   (incl. Padding)

    ----------------------------------------------------------------------

      Code (inc. data)   RO Data    RW Data    ZI Data      Debug   Library Name

       918         34         40          0         96       1520   c_w.l
      3574        256          0          0          0       3484   fz_wm.l
      6764        704        584          0          0       3072   m_wm.l

    ----------------------------------------------------------------------
     11288        994        628          0         96       8076   Library Totals

    ----------------------------------------------------------------------

==============================================================================


      Code (inc. data)   RO Data    RW Data    ZI Data      Debug   

     48142       1916       7498         64      59448     402931   Grand Totals
     48142       1916       7498         64      59448     402931   ELF Image Totals
     48142       1916       7498         64          0          0   ROM Totals

==============================================================================

    Total RO  Size (Code + RO Data)                55640 (  54.34kB)
    Total RW  Size (RW Data + ZI Data)             59512 (  58.12kB)
    Total ROM Size (Code + RO Data + RW Data)      55704 (  54.40kB)

==============================================================================

